BROWSER: [DOM] Input elements should have autocomplete attributes (suggested: "current-password"): (More info: https://goo.gl/9p2vKq) %o
BROWSER: Login Success: [object Object]
Ô£à Logado como Tamara
BROWSER: [DOM] Input elements should have autocomplete attributes (suggested: "new-password"): (More info: https://goo.gl/9p2vKq) %o
BROWSER: [DOM] Input elements should have autocomplete attributes (suggested: "new-password"): (More info: https://goo.gl/9p2vKq) %o
BROWSER: Failed to load resource: the server responded with a status of 404 (Not Found)
PONTO REGISTRADO: {"success":true,"id":29}
SCORES API: {"success":true,"id":29}
BROWSER: [DOM] Input elements should have autocomplete attributes (suggested: "current-password"): (More info: https://goo.gl/9p2vKq) %o
BROWSER: [DOM] Input elements should have autocomplete attributes (suggested: "current-password"): (More info: https://goo.gl/9p2vKq) %o
BROWSER: Login Success: [object Object]
BROWSER: Failed to load resource: the server responded with a status of 404 (Not Found)
BROWSER: Failed to load resource: the server responded with a status of 404 (Not Found)
BROWSER: Failed to load resource: the server responded with a status of 404 (Not Found)
BROWSER: Failed to load resource: the server responded with a status of 404 (Not Found)
BROWSER: Failed to load resource: the server responded with a status of 404 (Not Found)
BROWSER: Failed to load resource: the server responded with a status of 404 (Not Found)
BROWSER: Failed to load resource: the server responded with a status of 404 (Not Found)
BROWSER: Failed to load resource: the server responded with a status of 404 (Not Found)
BROWSER: Failed to load resource: the server responded with a status of 404 (Not Found)
BROWSER: Failed to load resource: the server responded with a status of 404 (Not Found)
BROWSER: Failed to load resource: the server responded with a status of 404 (Not Found)
BROWSER: Failed to load resource: the server responded with a status of 404 (Not Found)
BROWSER: Failed to load resource: the server responded with a status of 404 (Not Found)
BROWSER: Failed to load resource: the server responded with a status of 404 (Not Found)
BROWSER: Failed to load resource: the server responded with a status of 404 (Not Found)
BROWSER: Failed to load resource: the server responded with a status of 404 (Not Found)
BROWSER: Failed to load resource: the server responded with a status of 404 (Not Found)
BROWSER: Failed to load resource: the server responded with a status of 404 (Not Found)
BROWSER: Failed to load resource: the server responded with a status of 404 (Not Found)
BROWSER: Failed to load resource: the server responded with a status of 404 (Not Found)
BROWSER: Failed to load resource: the server responded with a status of 404 (Not Found)
BROWSER: Failed to load resource: the server responded with a status of 404 (Not Found)
BROWSER: Failed to load resource: the server responded with a status of 404 (Not Found)
BROWSER: Failed to load resource: the server responded with a status of 404 (Not Found)
BROWSER: Failed to load resource: the server responded with a status of 404 (Not Found)
BROWSER: Failed to load resource: the server responded with a status of 404 (Not Found)
BROWSER: Failed to load resource: the server responded with a status of 404 (Not Found)
BROWSER: Failed to load resource: the server responded with a status of 404 (Not Found)
BROWSER: Failed to load resource: the server responded with a status of 404 (Not Found)
BROWSER: Failed to load resource: the server responded with a status of 404 (Not Found)
BROWSER: Failed to load resource: the server responded with a status of 404 (Not Found)
BROWSER: Failed to load resource: the server responded with a status of 404 (Not Found)
BROWSER: Failed to load resource: the server responded with a status of 404 (Not Found)
BROWSER: Failed to load resource: the server responded with a status of 404 (Not Found)
BROWSER: Failed to load resource: the server responded with a status of 404 (Not Found)
BROWSER: Failed to load resource: the server responded with a status of 404 (Not Found)
BROWSER: Failed to load resource: the server responded with a status of 404 (Not Found)
Ô£à Logado como Amanda
BROWSER: [DOM] Input elements should have autocomplete attributes (suggested: "current-password"): (More info: https://goo.gl/9p2vKq) %o
BROWSER: [DOM] Input elements should have autocomplete attributes (suggested: "new-password"): (More info: https://goo.gl/9p2vKq) %o
BROWSER: [DOM] Input elements should have autocomplete attributes (suggested: "new-password"): (More info: https://goo.gl/9p2vKq) %o
BROWSER: Failed to load resource: the server responded with a status of 404 (Not Found)
BROWSER: Failed to load resource: the server responded with a status of 404 (Not Found)
BROWSER: Error fetching pomo status: TypeError: Failed to fetch
BROWSER: Erro ao verificar Campo de Batalha: TypeError: Failed to fetch
BROWSER: Failed to load resource: the server responded with a status of 404 (Not Found)
BROWSER: [DOM] Input elements should have autocomplete attributes (suggested: "current-password"): (More info: https://goo.gl/9p2vKq) %o
BROWSER: [DOM] Input elements should have autocomplete attributes (suggested: "new-password"): (More info: https://goo.gl/9p2vKq) %o
BROWSER: [DOM] Input elements should have autocomplete attributes (suggested: "new-password"): (More info: https://goo.gl/9p2vKq) %o
BROWSER: Failed to load resource: the server responded with a status of 404 (Not Found)
BROWSER: Failed to load resource: the server responded with a status of 404 (Not Found)
BROWSER: Failed to load resource: the server responded with a status of 404 (Not Found)
BROWSER: Failed to load resource: the server responded with a status of 404 (Not Found)
BROWSER: Failed to load resource: the server responded with a status of 404 (Not Found)
BROWSER: Failed to load resource: the server responded with a status of 404 (Not Found)
BROWSER: Failed to load resource: the server responded with a status of 404 (Not Found)
BROWSER: Failed to load resource: the server responded with a status of 404 (Not Found)
BROWSER: Failed to load resource: the server responded with a status of 404 (Not Found)
BROWSER: Failed to load resource: the server responded with a status of 404 (Not Found)
BROWSER: Failed to load resource: the server responded with a status of 404 (Not Found)
BROWSER: Failed to load resource: the server responded with a status of 404 (Not Found)
BROWSER: Failed to load resource: the server responded with a status of 404 (Not Found)
BROWSER: Failed to load resource: the server responded with a status of 404 (Not Found)
BROWSER: Failed to load resource: the server responded with a status of 404 (Not Found)
BROWSER: Failed to load resource: the server responded with a status of 404 (Not Found)
BROWSER: Failed to load resource: the server responded with a status of 404 (Not Found)
BROWSER: Failed to load resource: the server responded with a status of 404 (Not Found)
BROWSER: Failed to load resource: the server responded with a status of 404 (Not Found)
BROWSER: Failed to load resource: the server responded with a status of 404 (Not Found)
BROWSER: Failed to load resource: the server responded with a status of 404 (Not Found)
BROWSER: Failed to load resource: the server responded with a status of 404 (Not Found)
BROWSER: Failed to load resource: the server responded with a status of 404 (Not Found)
BROWSER: Failed to load resource: the server responded with a status of 404 (Not Found)
BROWSER: Failed to load resource: the server responded with a status of 404 (Not Found)
BROWSER: Failed to load resource: the server responded with a status of 404 (Not Found)
BROWSER: Failed to load resource: the server responded with a status of 404 (Not Found)
BROWSER: Failed to load resource: the server responded with a status of 404 (Not Found)
BROWSER: Failed to load resource: the server responded with a status of 404 (Not Found)
BROWSER: Failed to load resource: the server responded with a status of 404 (Not Found)
BROWSER: Failed to load resource: the server responded with a status of 404 (Not Found)
BROWSER: Failed to load resource: the server responded with a status of 404 (Not Found)
BROWSER: Failed to load resource: the server responded with a status of 404 (Not Found)
BROWSER: Failed to load resource: the server responded with a status of 404 (Not Found)
BROWSER: Failed to load resource: the server responded with a status of 404 (Not Found)
BROWSER: Failed to load resource: the server responded with a status of 404 (Not Found)
BROWSER: Failed to load resource: the server responded with a status of 404 (Not Found)
BROWSER: Failed to load resource: the server responded with a status of 404 (Not Found)
BROWSER: Failed to load resource: the server responded with a status of 404 (Not Found)
BROWSER: Failed to load resource: the server responded with a status of 404 (Not Found)
BROWSER: Failed to load resource: the server responded with a status of 404 (Not Found)
BROWSER: Failed to load resource: the server responded with a status of 404 (Not Found)
BROWSER: Failed to load resource: the server responded with a status of 404 (Not Found)
BROWSER: Failed to load resource: the server responded with a status of 404 (Not Found)
BROWSER: Failed to load resource: the server responded with a status of 404 (Not Found)
BROWSER: Failed to load resource: the server responded with a status of 404 (Not Found)
BROWSER: Failed to load resource: the server responded with a status of 404 (Not Found)
BROWSER: Failed to load resource: the server responded with a status of 404 (Not Found)
BROWSER: Failed to load resource: the server responded with a status of 404 (Not Found)
BROWSER: Failed to load resource: the server responded with a status of 404 (Not Found)
BROWSER: Failed to load resource: the server responded with a status of 404 (Not Found)
BROWSER: Failed to load resource: the server responded with a status of 404 (Not Found)
BROWSER: Failed to load resource: the server responded with a status of 404 (Not Found)
BROWSER: Failed to load resource: the server responded with a status of 404 (Not Found)
BROWSER: Failed to load resource: the server responded with a status of 404 (Not Found)
BROWSER: Failed to load resource: the server responded with a status of 404 (Not Found)
BROWSER: Failed to load resource: the server responded with a status of 404 (Not Found)
BROWSER: Failed to load resource: the server responded with a status of 404 (Not Found)
BROWSER: Failed to load resource: the server responded with a status of 404 (Not Found)
BROWSER: Failed to load resource: the server responded with a status of 404 (Not Found)
BROWSER: Failed to load resource: the server responded with a status of 404 (Not Found)
BROWSER: Failed to load resource: the server responded with a status of 404 (Not Found)
BROWSER: Failed to load resource: the server responded with a status of 404 (Not Found)
BROWSER: Failed to load resource: the server responded with a status of 404 (Not Found)
BROWSER: Failed to load resource: the server responded with a status of 404 (Not Found)
BROWSER: Failed to load resource: the server responded with a status of 404 (Not Found)
BROWSER: Failed to load resource: the server responded with a status of 404 (Not Found)
BROWSER: Failed to load resource: the server responded with a status of 404 (Not Found)
BROWSER: Failed to load resource: the server responded with a status of 404 (Not Found)
BROWSER: Failed to load resource: the server responded with a status of 404 (Not Found)
BROWSER: Failed to load resource: the server responded with a status of 404 (Not Found)
BROWSER: Failed to load resource: the server responded with a status of 404 (Not Found)
BROWSER: Failed to load resource: the server responded with a status of 404 (Not Found)
BROWSER: Failed to load resource: the server responded with a status of 404 (Not Found)
BROWSER: Failed to load resource: the server responded with a status of 404 (Not Found)
BROWSER: Failed to load resource: the server responded with a status of 404 (Not Found)
BROWSER: Failed to load resource: the server responded with a status of 404 (Not Found)
BROWSER: Failed to load resource: the server responded with a status of 404 (Not Found)
BROWSER: Failed to load resource: the server responded with a status of 404 (Not Found)
BROWSER: Failed to load resource: the server responded with a status of 404 (Not Found)
BROWSER: Failed to load resource: the server responded with a status of 404 (Not Found)
BROWSER: Failed to load resource: the server responded with a status of 404 (Not Found)
BROWSER: Failed to load resource: the server responded with a status of 404 (Not Found)
BROWSER: Failed to load resource: the server responded with a status of 404 (Not Found)
BROWSER: Failed to load resource: the server responded with a status of 404 (Not Found)
BROWSER: Failed to load resource: the server responded with a status of 404 (Not Found)
BROWSER: Failed to load resource: the server responded with a status of 404 (Not Found)
BROWSER: Failed to load resource: the server responded with a status of 404 (Not Found)
BROWSER: Failed to load resource: the server responded with a status of 404 (Not Found)
BROWSER: Failed to load resource: the server responded with a status of 404 (Not Found)
BROWSER: Failed to load resource: the server responded with a status of 404 (Not Found)
BROWSER: Failed to load resource: the server responded with a status of 404 (Not Found)
BROWSER: Failed to load resource: the server responded with a status of 404 (Not Found)
BROWSER: Failed to load resource: the server responded with a status of 404 (Not Found)
BROWSER: Failed to load resource: the server responded with a status of 404 (Not Found)
BROWSER: Failed to load resource: the server responded with a status of 404 (Not Found)
BROWSER: Failed to load resource: the server responded with a status of 404 (Not Found)
BROWSER: Failed to load resource: the server responded with a status of 404 (Not Found)
BROWSER: Failed to load resource: the server responded with a status of 404 (Not Found)
BROWSER: Failed to load resource: the server responded with a status of 404 (Not Found)
BROWSER: Failed to load resource: the server responded with a status of 404 (Not Found)
BROWSER: Failed to load resource: the server responded with a status of 404 (Not Found)
BROWSER: Failed to load resource: the server responded with a status of 404 (Not Found)
BROWSER: Failed to load resource: the server responded with a status of 404 (Not Found)
BROWSER: Failed to load resource: the server responded with a status of 404 (Not Found)
BROWSER: Failed to load resource: the server responded with a status of 404 (Not Found)
BROWSER: Failed to load resource: the server responded with a status of 404 (Not Found)
BROWSER: Failed to load resource: the server responded with a status of 404 (Not Found)
BROWSER: Failed to load resource: the server responded with a status of 404 (Not Found)
BROWSER: Failed to load resource: the server responded with a status of 404 (Not Found)
BROWSER: Failed to load resource: the server responded with a status of 404 (Not Found)
BROWSER: Failed to load resource: the server responded with a status of 404 (Not Found)
BROWSER: Failed to load resource: the server responded with a status of 404 (Not Found)
BROWSER: Failed to load resource: the server responded with a status of 404 (Not Found)
BROWSER: Failed to load resource: the server responded with a status of 404 (Not Found)
BROWSER: Failed to load resource: the server responded with a status of 404 (Not Found)
BROWSER: Failed to load resource: the server responded with a status of 404 (Not Found)
BROWSER: Failed to load resource: the server responded with a status of 404 (Not Found)
BROWSER: Failed to load resource: the server responded with a status of 404 (Not Found)
BROWSER: Failed to load resource: the server responded with a status of 404 (Not Found)
BROWSER: Failed to load resource: the server responded with a status of 404 (Not Found)
BROWSER: Failed to load resource: the server responded with a status of 404 (Not Found)
BROWSER: Failed to load resource: the server responded with a status of 404 (Not Found)
BROWSER: Failed to load resource: the server responded with a status of 404 (Not Found)
BROWSER: Failed to load resource: the server responded with a status of 404 (Not Found)
BROWSER: Failed to load resource: the server responded with a status of 404 (Not Found)
BROWSER: Failed to load resource: the server responded with a status of 404 (Not Found)
BROWSER: Failed to load resource: the server responded with a status of 404 (Not Found)
BROWSER: Failed to load resource: the server responded with a status of 404 (Not Found)
BROWSER: Failed to load resource: the server responded with a status of 404 (Not Found)
BROWSER: Failed to load resource: the server responded with a status of 404 (Not Found)
BROWSER: Failed to load resource: the server responded with a status of 404 (Not Found)
BROWSER: Failed to load resource: the server responded with a status of 404 (Not Found)
BROWSER: Failed to load resource: the server responded with a status of 404 (Not Found)
BROWSER: Failed to load resource: the server responded with a status of 404 (Not Found)
BROWSER: Failed to load resource: the server responded with a status of 404 (Not Found)
BROWSER: Failed to load resource: the server responded with a status of 404 (Not Found)
BROWSER: Failed to load resource: the server responded with a status of 404 (Not Found)
BROWSER: Failed to load resource: the server responded with a status of 404 (Not Found)
BROWSER: Failed to load resource: the server responded with a status of 404 (Not Found)
BROWSER: Failed to load resource: the server responded with a status of 404 (Not Found)
BROWSER: Failed to load resource: the server responded with a status of 404 (Not Found)
BROWSER: Failed to load resource: the server responded with a status of 404 (Not Found)
BROWSER: Failed to load resource: the server responded with a status of 404 (Not Found)
BROWSER: Failed to load resource: the server responded with a status of 404 (Not Found)
BROWSER: Failed to load resource: the server responded with a status of 404 (Not Found)
BROWSER: Failed to load resource: the server responded with a status of 404 (Not Found)
BROWSER: Failed to load resource: the server responded with a status of 404 (Not Found)
BROWSER: Failed to load resource: the server responded with a status of 404 (Not Found)
BROWSER: Failed to load resource: the server responded with a status of 404 (Not Found)
BROWSER: Failed to load resource: the server responded with a status of 404 (Not Found)
BROWSER: Failed to load resource: the server responded with a status of 404 (Not Found)
BROWSER: Failed to load resource: the server responded with a status of 404 (Not Found)
BROWSER: Failed to load resource: the server responded with a status of 404 (Not Found)
BROWSER: Failed to load resource: the server responded with a status of 404 (Not Found)
BROWSER: Failed to load resource: the server responded with a status of 404 (Not Found)
BROWSER: Failed to load resource: the server responded with a status of 404 (Not Found)
BROWSER: Failed to load resource: the server responded with a status of 404 (Not Found)
BROWSER: Failed to load resource: the server responded with a status of 404 (Not Found)
BROWSER: Failed to load resource: the server responded with a status of 404 (Not Found)
BROWSER: Failed to load resource: the server responded with a status of 404 (Not Found)
BROWSER: Failed to load resource: the server responded with a status of 404 (Not Found)
BROWSER: Failed to load resource: the server responded with a status of 404 (Not Found)
BROWSER: Failed to load resource: the server responded with a status of 404 (Not Found)
BROWSER: Failed to load resource: the server responded with a status of 404 (Not Found)
BROWSER: Failed to load resource: the server responded with a status of 404 (Not Found)
BROWSER: Failed to load resource: the server responded with a status of 404 (Not Found)
BROWSER: Failed to load resource: the server responded with a status of 404 (Not Found)
BROWSER: Failed to load resource: the server responded with a status of 404 (Not Found)
BROWSER: Failed to load resource: the server responded with a status of 404 (Not Found)
BROWSER: Failed to load resource: the server responded with a status of 404 (Not Found)
BROWSER: Failed to load resource: the server responded with a status of 404 (Not Found)
BROWSER: Failed to load resource: the server responded with a status of 404 (Not Found)
BROWSER: Failed to load resource: the server responded with a status of 404 (Not Found)
BROWSER: Failed to load resource: the server responded with a status of 404 (Not Found)
BROWSER: Failed to load resource: the server responded with a status of 404 (Not Found)
BROWSER: Failed to load resource: the server responded with a status of 404 (Not Found)
BROWSER: Failed to load resource: the server responded with a status of 404 (Not Found)
BROWSER: Failed to load resource: the server responded with a status of 404 (Not Found)
BROWSER: Failed to load resource: the server responded with a status of 404 (Not Found)
BROWSER: Failed to load resource: the server responded with a status of 404 (Not Found)
BROWSER: Failed to load resource: the server responded with a status of 404 (Not Found)
BROWSER: Failed to load resource: the server responded with a status of 404 (Not Found)
BROWSER: Failed to load resource: the server responded with a status of 404 (Not Found)
BROWSER: Failed to load resource: the server responded with a status of 404 (Not Found)
BROWSER: Failed to load resource: the server responded with a status of 404 (Not Found)
BROWSER: Failed to load resource: the server responded with a status of 404 (Not Found)
BROWSER: Failed to load resource: the server responded with a status of 404 (Not Found)
BROWSER: Failed to load resource: the server responded with a status of 404 (Not Found)
BROWSER: Failed to load resource: the server responded with a status of 404 (Not Found)
BROWSER: Failed to load resource: the server responded with a status of 404 (Not Found)
BROWSER: Failed to load resource: the server responded with a status of 404 (Not Found)
BROWSER: Failed to load resource: the server responded with a status of 404 (Not Found)
BROWSER: Failed to load resource: the server responded with a status of 404 (Not Found)
BROWSER: Failed to load resource: the server responded with a status of 404 (Not Found)
BROWSER: Failed to load resource: the server responded with a status of 404 (Not Found)
BROWSER: Failed to load resource: the server responded with a status of 404 (Not Found)
BROWSER: Failed to load resource: the server responded with a status of 404 (Not Found)
BROWSER: Failed to load resource: the server responded with a status of 404 (Not Found)
BROWSER: Failed to load resource: the server responded with a status of 404 (Not Found)
BROWSER: Failed to load resource: the server responded with a status of 404 (Not Found)
BROWSER: Failed to load resource: the server responded with a status of 404 (Not Found)
BROWSER: Failed to load resource: the server responded with a status of 404 (Not Found)
BROWSER: Failed to load resource: the server responded with a status of 404 (Not Found)
BROWSER: Failed to load resource: the server responded with a status of 404 (Not Found)
BROWSER: Failed to load resource: the server responded with a status of 404 (Not Found)
BROWSER: Failed to load resource: the server responded with a status of 404 (Not Found)
BROWSER: Failed to load resource: the server responded with a status of 404 (Not Found)
BROWSER: Failed to load resource: the server responded with a status of 404 (Not Found)
BROWSER: Failed to load resource: the server responded with a status of 404 (Not Found)
BROWSER: Failed to load resource: the server responded with a status of 404 (Not Found)
BROWSER: Failed to load resource: the server responded with a status of 404 (Not Found)
BROWSER: Failed to load resource: the server responded with a status of 404 (Not Found)
BROWSER: Failed to load resource: the server responded with a status of 404 (Not Found)
BROWSER: Failed to load resource: the server responded with a status of 404 (Not Found)
BROWSER: Failed to load resource: the server responded with a status of 404 (Not Found)
BROWSER: Failed to load resource: the server responded with a status of 404 (Not Found)
BROWSER: Failed to load resource: the server responded with a status of 404 (Not Found)
BROWSER: Failed to load resource: the server responded with a status of 404 (Not Found)
BROWSER: Failed to load resource: the server responded with a status of 404 (Not Found)
BROWSER: Failed to load resource: the server responded with a status of 404 (Not Found)
BROWSER: Failed to load resource: the server responded with a status of 404 (Not Found)
BROWSER: Failed to load resource: the server responded with a status of 404 (Not Found)
BROWSER: Failed to load resource: the server responded with a status of 404 (Not Found)
BROWSER: Failed to load resource: the server responded with a status of 404 (Not Found)
BROWSER: Failed to load resource: the server responded with a status of 404 (Not Found)
BROWSER: Failed to load resource: the server responded with a status of 404 (Not Found)
BROWSER: Failed to load resource: the server responded with a status of 404 (Not Found)
BROWSER: Failed to load resource: the server responded with a status of 404 (Not Found)
BROWSER: Failed to load resource: the server responded with a status of 404 (Not Found)
BROWSER: Failed to load resource: the server responded with a status of 404 (Not Found)
BROWSER: Failed to load resource: the server responded with a status of 404 (Not Found)
BROWSER: Failed to load resource: the server responded with a status of 404 (Not Found)
BROWSER: Failed to load resource: the server responded with a status of 404 (Not Found)
BROWSER: Failed to load resource: the server responded with a status of 404 (Not Found)
BROWSER: Failed to load resource: the server responded with a status of 404 (Not Found)
BROWSER: Failed to load resource: the server responded with a status of 404 (Not Found)
BROWSER: Failed to load resource: the server responded with a status of 404 (Not Found)
BROWSER: Failed to load resource: the server responded with a status of 404 (Not Found)
BROWSER: Failed to load resource: the server responded with a status of 404 (Not Found)
BROWSER: Failed to load resource: the server responded with a status of 404 (Not Found)
BROWSER: Failed to load resource: the server responded with a status of 404 (Not Found)
BROWSER: Failed to load resource: the server responded with a status of 404 (Not Found)
BROWSER: Failed to load resource: the server responded with a status of 404 (Not Found)
BROWSER: Failed to load resource: the server responded with a status of 404 (Not Found)
BROWSER: Failed to load resource: the server responded with a status of 404 (Not Found)
BROWSER: Failed to load resource: the server responded with a status of 404 (Not Found)
BROWSER: Failed to load resource: the server responded with a status of 404 (Not Found)
BROWSER: Failed to load resource: the server responded with a status of 404 (Not Found)
BROWSER: Failed to load resource: the server responded with a status of 404 (Not Found)
BROWSER: Failed to load resource: the server responded with a status of 404 (Not Found)
BROWSER: Failed to load resource: the server responded with a status of 404 (Not Found)
BROWSER: Failed to load resource: the server responded with a status of 404 (Not Found)
BROWSER: Failed to load resource: the server responded with a status of 404 (Not Found)
BROWSER: Failed to load resource: the server responded with a status of 404 (Not Found)
BROWSER: Failed to load resource: the server responded with a status of 404 (Not Found)
BROWSER: Failed to load resource: the server responded with a status of 404 (Not Found)
BROWSER: Failed to load resource: the server responded with a status of 404 (Not Found)
BROWSER: Failed to load resource: the server responded with a status of 404 (Not Found)
BROWSER: Failed to load resource: the server responded with a status of 404 (Not Found)
BROWSER: Failed to load resource: the server responded with a status of 404 (Not Found)
BROWSER: Failed to load resource: the server responded with a status of 404 (Not Found)
BROWSER: Failed to load resource: the server responded with a status of 404 (Not Found)
BROWSER: Failed to load resource: the server responded with a status of 404 (Not Found)
BROWSER: Failed to load resource: the server responded with a status of 404 (Not Found)
BROWSER: Failed to load resource: the server responded with a status of 404 (Not Found)
BROWSER: Failed to load resource: the server responded with a status of 404 (Not Found)
BROWSER: Failed to load resource: the server responded with a status of 404 (Not Found)
BROWSER: Failed to load resource: the server responded with a status of 404 (Not Found)
BROWSER: Failed to load resource: the server responded with a status of 404 (Not Found)
BROWSER: Failed to load resource: the server responded with a status of 404 (Not Found)
BROWSER: Failed to load resource: the server responded with a status of 404 (Not Found)
BROWSER: Failed to load resource: the server responded with a status of 404 (Not Found)
BROWSER: Failed to load resource: the server responded with a status of 404 (Not Found)
BROWSER: Failed to load resource: the server responded with a status of 404 (Not Found)
BROWSER: Failed to load resource: the server responded with a status of 404 (Not Found)
BROWSER: Failed to load resource: the server responded with a status of 404 (Not Found)
BROWSER: Failed to load resource: the server responded with a status of 404 (Not Found)
BROWSER: Failed to load resource: the server responded with a status of 404 (Not Found)
BROWSER: Failed to load resource: the server responded with a status of 404 (Not Found)
BROWSER: Failed to load resource: the server responded with a status of 404 (Not Found)
BROWSER: Failed to load resource: the server responded with a status of 404 (Not Found)
BROWSER: Failed to load resource: the server responded with a status of 404 (Not Found)
BROWSER: Failed to load resource: the server responded with a status of 404 (Not Found)
BROWSER: Failed to load resource: the server responded with a status of 404 (Not Found)
BROWSER: Failed to load resource: the server responded with a status of 404 (Not Found)
BROWSER: Failed to load resource: the server responded with a status of 404 (Not Found)
BROWSER: Failed to load resource: the server responded with a status of 404 (Not Found)
BROWSER: Failed to load resource: the server responded with a status of 404 (Not Found)
BROWSER: Failed to load resource: the server responded with a status of 404 (Not Found)
BROWSER: Failed to load resource: the server responded with a status of 404 (Not Found)
BROWSER: Failed to load resource: the server responded with a status of 404 (Not Found)
BROWSER: Failed to load resource: the server responded with a status of 404 (Not Found)
BROWSER: Failed to load resource: the server responded with a status of 404 (Not Found)
BROWSER: Failed to load resource: the server responded with a status of 404 (Not Found)
BROWSER: Failed to load resource: the server responded with a status of 404 (Not Found)
BROWSER: Failed to load resource: the server responded with a status of 404 (Not Found)
BROWSER: Failed to load resource: the server responded with a status of 404 (Not Found)
BROWSER: Failed to load resource: the server responded with a status of 404 (Not Found)
BROWSER: Failed to load resource: the server responded with a status of 404 (Not Found)
BROWSER: Failed to load resource: the server responded with a status of 404 (Not Found)
BROWSER: Failed to load resource: the server responded with a status of 404 (Not Found)
BROWSER: Failed to load resource: the server responded with a status of 404 (Not Found)
BROWSER: Failed to load resource: the server responded with a status of 404 (Not Found)
BROWSER: Failed to load resource: the server responded with a status of 404 (Not Found)
BROWSER: Failed to load resource: the server responded with a status of 404 (Not Found)
BROWSER: Failed to load resource: the server responded with a status of 404 (Not Found)
BROWSER: Failed to load resource: the server responded with a status of 404 (Not Found)
BROWSER: Failed to load resource: the server responded with a status of 404 (Not Found)
BROWSER: Failed to load resource: the server responded with a status of 404 (Not Found)
BROWSER: Failed to load resource: the server responded with a status of 404 (Not Found)
BROWSER: Failed to load resource: the server responded with a status of 404 (Not Found)
BROWSER: Failed to load resource: the server responded with a status of 404 (Not Found)
BROWSER: Failed to load resource: the server responded with a status of 404 (Not Found)
BROWSER: Failed to load resource: the server responded with a status of 404 (Not Found)
BROWSER: Failed to load resource: the server responded with a status of 404 (Not Found)
BROWSER: Failed to load resource: the server responded with a status of 404 (Not Found)
BROWSER: Failed to load resource: the server responded with a status of 404 (Not Found)
BROWSER: Failed to load resource: the server responded with a status of 404 (Not Found)
BROWSER: Failed to load resource: the server responded with a status of 404 (Not Found)
BROWSER: Failed to load resource: the server responded with a status of 404 (Not Found)
BROWSER: Failed to load resource: the server responded with a status of 404 (Not Found)
BROWSER: Failed to load resource: the server responded with a status of 404 (Not Found)
BROWSER: Failed to load resource: the server responded with a status of 404 (Not Found)
BROWSER: Failed to load resource: the server responded with a status of 404 (Not Found)
BROWSER: Failed to load resource: the server responded with a status of 404 (Not Found)
BROWSER: Failed to load resource: the server responded with a status of 404 (Not Found)
BROWSER: Failed to load resource: the server responded with a status of 404 (Not Found)
BROWSER: Failed to load resource: the server responded with a status of 404 (Not Found)
BROWSER: Failed to load resource: the server responded with a status of 404 (Not Found)
BROWSER: Failed to load resource: the server responded with a status of 404 (Not Found)
BROWSER: Failed to load resource: the server responded with a status of 404 (Not Found)
BROWSER: Failed to load resource: the server responded with a status of 404 (Not Found)
BROWSER: Failed to load resource: the server responded with a status of 404 (Not Found)
BROWSER: Failed to load resource: the server responded with a status of 404 (Not Found)
BROWSER: Failed to load resource: the server responded with a status of 404 (Not Found)
BROWSER: Failed to load resource: the server responded with a status of 404 (Not Found)
BROWSER: Failed to load resource: the server responded with a status of 404 (Not Found)
BROWSER: Failed to load resource: the server responded with a status of 404 (Not Found)
BROWSER: Failed to load resource: the server responded with a status of 404 (Not Found)
BROWSER: Failed to load resource: the server responded with a status of 404 (Not Found)
BROWSER: Failed to load resource: the server responded with a status of 404 (Not Found)
BROWSER: Failed to load resource: the server responded with a status of 404 (Not Found)
BROWSER: Failed to load resource: the server responded with a status of 404 (Not Found)
BROWSER: Failed to load resource: the server responded with a status of 404 (Not Found)
BROWSER: Failed to load resource: the server responded with a status of 404 (Not Found)
BROWSER: Failed to load resource: the server responded with a status of 404 (Not Found)
BROWSER: Failed to load resource: the server responded with a status of 404 (Not Found)
BROWSER: Failed to load resource: the server responded with a status of 404 (Not Found)
BROWSER: Failed to load resource: the server responded with a status of 404 (Not Found)
BROWSER: Failed to load resource: the server responded with a status of 404 (Not Found)
BROWSER: Failed to load resource: the server responded with a status of 404 (Not Found)
BROWSER: Failed to load resource: the server responded with a status of 404 (Not Found)
BROWSER: Failed to load resource: the server responded with a status of 404 (Not Found)
BROWSER: Failed to load resource: the server responded with a status of 404 (Not Found)
BROWSER: Failed to load resource: the server responded with a status of 404 (Not Found)
BROWSER: Failed to load resource: the server responded with a status of 404 (Not Found)
BROWSER: Failed to load resource: the server responded with a status of 404 (Not Found)
BROWSER: Failed to load resource: the server responded with a status of 404 (Not Found)
BROWSER: Failed to load resource: the server responded with a status of 404 (Not Found)
BROWSER: Failed to load resource: the server responded with a status of 404 (Not Found)
BROWSER: Failed to load resource: the server responded with a status of 404 (Not Found)
BROWSER: Failed to load resource: the server responded with a status of 404 (Not Found)
BROWSER: Failed to load resource: the server responded with a status of 404 (Not Found)
BROWSER: Failed to load resource: the server responded with a status of 404 (Not Found)
BROWSER: Failed to load resource: the server responded with a status of 404 (Not Found)
BROWSER: Failed to load resource: the server responded with a status of 404 (Not Found)
BROWSER: Failed to load resource: the server responded with a status of 404 (Not Found)
BROWSER: Failed to load resource: the server responded with a status of 404 (Not Found)
BROWSER: Failed to load resource: the server responded with a status of 404 (Not Found)
BROWSER: Failed to load resource: the server responded with a status of 404 (Not Found)
BROWSER: Failed to load resource: the server responded with a status of 404 (Not Found)
BROWSER: Failed to load resource: the server responded with a status of 404 (Not Found)
BROWSER: Failed to load resource: the server responded with a status of 404 (Not Found)
BROWSER: Failed to load resource: the server responded with a status of 404 (Not Found)
BROWSER: Failed to load resource: the server responded with a status of 404 (Not Found)
BROWSER: Failed to load resource: the server responded with a status of 404 (Not Found)
BROWSER: Failed to load resource: the server responded with a status of 404 (Not Found)
BROWSER: Failed to load resource: the server responded with a status of 404 (Not Found)
BROWSER: Failed to load resource: the server responded with a status of 404 (Not Found)
BROWSER: Failed to load resource: the server responded with a status of 404 (Not Found)
BROWSER: Failed to load resource: the server responded with a status of 404 (Not Found)
BROWSER: Failed to load resource: the server responded with a status of 404 (Not Found)
BROWSER: Failed to load resource: the server responded with a status of 404 (Not Found)
BROWSER: Failed to load resource: the server responded with a status of 404 (Not Found)
BROWSER: Failed to load resource: the server responded with a status of 404 (Not Found)
BROWSER: Failed to load resource: the server responded with a status of 404 (Not Found)
BROWSER: Failed to load resource: the server responded with a status of 404 (Not Found)
BROWSER: Failed to load resource: the server responded with a status of 404 (Not Found)
BROWSER: Failed to load resource: the server responded with a status of 404 (Not Found)
BROWSER: Failed to load resource: the server responded with a status of 404 (Not Found)
BROWSER: Failed to load resource: the server responded with a status of 404 (Not Found)
BROWSER: Failed to load resource: the server responded with a status of 404 (Not Found)
BROWSER: Failed to load resource: the server responded with a status of 404 (Not Found)
BROWSER: Failed to load resource: the server responded with a status of 404 (Not Found)
BROWSER: Failed to load resource: the server responded with a status of 404 (Not Found)
BROWSER: Failed to load resource: the server responded with a status of 404 (Not Found)
BROWSER: Failed to load resource: the server responded with a status of 404 (Not Found)
BROWSER: Failed to load resource: the server responded with a status of 404 (Not Found)
BROWSER: Failed to load resource: the server responded with a status of 404 (Not Found)
BROWSER: Failed to load resource: the server responded with a status of 404 (Not Found)
BROWSER: Failed to load resource: the server responded with a status of 404 (Not Found)
BROWSER: Failed to load resource: the server responded with a status of 404 (Not Found)
BROWSER: Failed to load resource: the server responded with a status of 404 (Not Found)
BROWSER: Failed to load resource: the server responded with a status of 404 (Not Found)
BROWSER: Failed to load resource: the server responded with a status of 404 (Not Found)
BROWSER: Failed to load resource: the server responded with a status of 404 (Not Found)
BROWSER: Failed to load resource: the server responded with a status of 404 (Not Found)
BROWSER: Failed to load resource: the server responded with a status of 404 (Not Found)
BROWSER: Failed to load resource: the server responded with a status of 404 (Not Found)
BROWSER: Failed to load resource: the server responded with a status of 404 (Not Found)
BROWSER: Failed to load resource: the server responded with a status of 404 (Not Found)
BROWSER: Failed to load resource: the server responded with a status of 404 (Not Found)
BROWSER: Failed to load resource: the server responded with a status of 404 (Not Found)
BROWSER: Failed to load resource: the server responded with a status of 404 (Not Found)
BROWSER: Failed to load resource: the server responded with a status of 404 (Not Found)
BROWSER: Failed to load resource: the server responded with a status of 404 (Not Found)
BROWSER: Failed to load resource: the server responded with a status of 404 (Not Found)
BROWSER: Failed to load resource: the server responded with a status of 404 (Not Found)
BROWSER: Failed to load resource: the server responded with a status of 404 (Not Found)
BROWSER: Failed to load resource: the server responded with a status of 404 (Not Found)
BROWSER: Failed to load resource: the server responded with a status of 404 (Not Found)
BROWSER: Failed to load resource: the server responded with a status of 404 (Not Found)
BROWSER: Failed to load resource: the server responded with a status of 404 (Not Found)
BROWSER: Failed to load resource: the server responded with a status of 404 (Not Found)
BROWSER: Failed to load resource: the server responded with a status of 404 (Not Found)
BROWSER: Failed to load resource: the server responded with a status of 404 (Not Found)
BROWSER: Failed to load resource: the server responded with a status of 404 (Not Found)
BROWSER: Failed to load resource: the server responded with a status of 404 (Not Found)
BROWSER: Failed to load resource: the server responded with a status of 404 (Not Found)
BROWSER: Failed to load resource: the server responded with a status of 404 (Not Found)
BROWSER: Failed to load resource: the server responded with a status of 404 (Not Found)
BROWSER: Failed to load resource: the server responded with a status of 404 (Not Found)
BROWSER: Failed to load resource: the server responded with a status of 404 (Not Found)
BROWSER: Failed to load resource: the server responded with a status of 404 (Not Found)
BROWSER: Failed to load resource: the server responded with a status of 404 (Not Found)
BROWSER: Failed to load resource: the server responded with a status of 404 (Not Found)
BROWSER: Failed to load resource: the server responded with a status of 404 (Not Found)
BROWSER: Failed to load resource: the server responded with a status of 404 (Not Found)
BROWSER: Failed to load resource: the server responded with a status of 404 (Not Found)
BROWSER: Failed to load resource: the server responded with a status of 404 (Not Found)
BROWSER: Failed to load resource: the server responded with a status of 404 (Not Found)
BROWSER: Failed to load resource: the server responded with a status of 404 (Not Found)
BROWSER: Failed to load resource: the server responded with a status of 404 (Not Found)
BROWSER: Failed to load resource: the server responded with a status of 404 (Not Found)
BROWSER: Failed to load resource: the server responded with a status of 404 (Not Found)
BROWSER: Failed to load resource: the server responded with a status of 404 (Not Found)
BROWSER: Failed to load resource: the server responded with a status of 404 (Not Found)
BROWSER: Failed to load resource: the server responded with a status of 404 (Not Found)
BROWSER: Failed to load resource: the server responded with a status of 404 (Not Found)
BROWSER: Failed to load resource: the server responded with a status of 404 (Not Found)
BROWSER: Failed to load resource: the server responded with a status of 404 (Not Found)
BROWSER: Failed to load resource: the server responded with a status of 404 (Not Found)
BROWSER: Failed to load resource: the server responded with a status of 404 (Not Found)
BROWSER: Failed to load resource: the server responded with a status of 404 (Not Found)
BROWSER: Failed to load resource: the server responded with a status of 404 (Not Found)
BROWSER: Failed to load resource: the server responded with a status of 404 (Not Found)
BROWSER: Failed to load resource: the server responded with a status of 404 (Not Found)
BROWSER: Failed to load resource: the server responded with a status of 404 (Not Found)
BROWSER: Failed to load resource: the server responded with a status of 404 (Not Found)
BROWSER: Failed to load resource: the server responded with a status of 404 (Not Found)
BROWSER: Failed to load resource: the server responded with a status of 404 (Not Found)
BROWSER: Failed to load resource: the server responded with a status of 404 (Not Found)
BROWSER: Failed to load resource: the server responded with a status of 404 (Not Found)
BROWSER: Failed to load resource: the server responded with a status of 404 (Not Found)
BROWSER: Failed to load resource: the server responded with a status of 404 (Not Found)
BROWSER: Failed to load resource: the server responded with a status of 404 (Not Found)
BROWSER: Failed to load resource: the server responded with a status of 404 (Not Found)
BROWSER: Failed to load resource: the server responded with a status of 404 (Not Found)
BROWSER: Failed to load resource: the server responded with a status of 404 (Not Found)
BROWSER: Failed to load resource: the server responded with a status of 404 (Not Found)
BROWSER: Failed to load resource: the server responded with a status of 404 (Not Found)
BROWSER: Failed to load resource: the server responded with a status of 404 (Not Found)
BROWSER: Failed to load resource: the server responded with a status of 404 (Not Found)
BROWSER: Failed to load resource: the server responded with a status of 404 (Not Found)
BROWSER: Failed to load resource: the server responded with a status of 404 (Not Found)
BROWSER: Failed to load resource: the server responded with a status of 404 (Not Found)
BROWSER: Failed to load resource: the server responded with a status of 404 (Not Found)
BROWSER: Failed to load resource: the server responded with a status of 404 (Not Found)
BROWSER: Failed to load resource: the server responded with a status of 404 (Not Found)
BROWSER: Failed to load resource: the server responded with a status of 404 (Not Found)
BROWSER: Failed to load resource: the server responded with a status of 404 (Not Found)
BROWSER: Failed to load resource: the server responded with a status of 404 (Not Found)
BROWSER: Failed to load resource: the server responded with a status of 404 (Not Found)
BROWSER: Failed to load resource: the server responded with a status of 404 (Not Found)
BROWSER: Failed to load resource: the server responded with a status of 404 (Not Found)
BROWSER: Failed to load resource: the server responded with a status of 404 (Not Found)
BROWSER: Failed to load resource: the server responded with a status of 404 (Not Found)
BROWSER: Failed to load resource: the server responded with a status of 404 (Not Found)
BROWSER: Failed to load resource: the server responded with a status of 404 (Not Found)
BROWSER: Failed to load resource: the server responded with a status of 404 (Not Found)
BROWSER: Failed to load resource: the server responded with a status of 404 (Not Found)
BROWSER: Failed to load resource: the server responded with a status of 404 (Not Found)
BROWSER: Failed to load resource: the server responded with a status of 404 (Not Found)
BROWSER: Failed to load resource: the server responded with a status of 404 (Not Found)
BROWSER: Failed to load resource: the server responded with a status of 404 (Not Found)
BROWSER: Failed to load resource: the server responded with a status of 404 (Not Found)
BROWSER: Failed to load resource: the server responded with a status of 404 (Not Found)
BROWSER: Failed to load resource: the server responded with a status of 404 (Not Found)
BROWSER: Failed to load resource: the server responded with a status of 404 (Not Found)
BROWSER: Failed to load resource: the server responded with a status of 404 (Not Found)
BROWSER: Failed to load resource: the server responded with a status of 404 (Not Found)
BROWSER: Failed to load resource: the server responded with a status of 404 (Not Found)
BROWSER: Failed to load resource: the server responded with a status of 404 (Not Found)
BROWSER: Failed to load resource: the server responded with a status of 404 (Not Found)
BROWSER: Failed to load resource: the server responded with a status of 404 (Not Found)
BROWSER: Failed to load resource: the server responded with a status of 404 (Not Found)
BROWSER: Failed to load resource: the server responded with a status of 404 (Not Found)
BROWSER: Failed to load resource: the server responded with a status of 404 (Not Found)
BROWSER: Failed to load resource: the server responded with a status of 404 (Not Found)
BROWSER: Failed to load resource: the server responded with a status of 404 (Not Found)
BROWSER: Failed to load resource: the server responded with a status of 404 (Not Found)
BROWSER: Failed to load resource: the server responded with a status of 404 (Not Found)
BROWSER: Failed to load resource: the server responded with a status of 404 (Not Found)
BROWSER: Failed to load resource: the server responded with a status of 404 (Not Found)
BROWSER: Failed to load resource: the server responded with a status of 404 (Not Found)
BROWSER: Failed to load resource: the server responded with a status of 404 (Not Found)
BROWSER: Failed to load resource: the server responded with a status of 404 (Not Found)
BROWSER: Failed to load resource: the server responded with a status of 404 (Not Found)
BROWSER: Failed to load resource: the server responded with a status of 404 (Not Found)
BROWSER: Failed to load resource: the server responded with a status of 404 (Not Found)
BROWSER: Failed to load resource: the server responded with a status of 404 (Not Found)
BROWSER: Failed to load resource: the server responded with a status of 404 (Not Found)
BROWSER: Failed to load resource: the server responded with a status of 404 (Not Found)
BROWSER: Failed to load resource: the server responded with a status of 404 (Not Found)
BROWSER: Failed to load resource: the server responded with a status of 404 (Not Found)
BROWSER: Failed to load resource: the server responded with a status of 404 (Not Found)
BROWSER: Failed to load resource: the server responded with a status of 404 (Not Found)
BROWSER: Failed to load resource: the server responded with a status of 404 (Not Found)
BROWSER: Failed to load resource: the server responded with a status of 404 (Not Found)
BROWSER: Failed to load resource: the server responded with a status of 404 (Not Found)
BROWSER: Failed to load resource: the server responded with a status of 404 (Not Found)
BROWSER: Failed to load resource: the server responded with a status of 404 (Not Found)
BROWSER: Failed to load resource: the server responded with a status of 404 (Not Found)
BROWSER: Failed to load resource: the server responded with a status of 404 (Not Found)
BROWSER: Failed to load resource: the server responded with a status of 404 (Not Found)
BROWSER: Failed to load resource: the server responded with a status of 404 (Not Found)
BROWSER: Failed to load resource: the server responded with a status of 404 (Not Found)
BROWSER: Failed to load resource: the server responded with a status of 404 (Not Found)
BROWSER: Failed to load resource: the server responded with a status of 404 (Not Found)
BROWSER: Failed to load resource: the server responded with a status of 404 (Not Found)
BROWSER: Failed to load resource: the server responded with a status of 404 (Not Found)
BROWSER: Failed to load resource: the server responded with a status of 404 (Not Found)
BROWSER: Failed to load resource: the server responded with a status of 404 (Not Found)
BROWSER: Failed to load resource: the server responded with a status of 404 (Not Found)
BROWSER: Failed to load resource: the server responded with a status of 404 (Not Found)
BROWSER: Failed to load resource: the server responded with a status of 404 (Not Found)
BROWSER: Failed to load resource: the server responded with a status of 404 (Not Found)
BROWSER: Failed to load resource: the server responded with a status of 404 (Not Found)
BROWSER: Failed to load resource: the server responded with a status of 404 (Not Found)
BROWSER: Failed to load resource: the server responded with a status of 404 (Not Found)
BROWSER: Failed to load resource: the server responded with a status of 404 (Not Found)
BROWSER: Failed to load resource: the server responded with a status of 404 (Not Found)
BROWSER: Failed to load resource: the server responded with a status of 404 (Not Found)
BROWSER: Failed to load resource: the server responded with a status of 404 (Not Found)
BROWSER: Failed to load resource: the server responded with a status of 404 (Not Found)
BROWSER: Failed to load resource: the server responded with a status of 404 (Not Found)
BROWSER: Failed to load resource: the server responded with a status of 404 (Not Found)
BROWSER: Failed to load resource: the server responded with a status of 404 (Not Found)
BROWSER: Failed to load resource: the server responded with a status of 404 (Not Found)
BROWSER: Failed to load resource: the server responded with a status of 404 (Not Found)
BROWSER: Failed to load resource: the server responded with a status of 404 (Not Found)
BROWSER: Failed to load resource: the server responded with a status of 404 (Not Found)
BROWSER: Failed to load resource: the server responded with a status of 404 (Not Found)
BROWSER: Failed to load resource: the server responded with a status of 404 (Not Found)
BROWSER: Failed to load resource: the server responded with a status of 404 (Not Found)
BROWSER: Failed to load resource: the server responded with a status of 404 (Not Found)
BROWSER: Failed to load resource: the server responded with a status of 404 (Not Found)
BROWSER: Failed to load resource: the server responded with a status of 404 (Not Found)
BROWSER: Failed to load resource: the server responded with a status of 404 (Not Found)
BROWSER: Failed to load resource: the server responded with a status of 404 (Not Found)
BROWSER: Failed to load resource: the server responded with a status of 404 (Not Found)
BROWSER: Failed to load resource: the server responded with a status of 404 (Not Found)
BROWSER: Failed to load resource: the server responded with a status of 404 (Not Found)
BROWSER: Failed to load resource: the server responded with a status of 404 (Not Found)
BROWSER: Failed to load resource: the server responded with a status of 404 (Not Found)
BROWSER: Failed to load resource: the server responded with a status of 404 (Not Found)
BROWSER: Failed to load resource: the server responded with a status of 404 (Not Found)
BROWSER: Failed to load resource: the server responded with a status of 404 (Not Found)
BROWSER: Failed to load resource: the server responded with a status of 404 (Not Found)
BROWSER: Failed to load resource: the server responded with a status of 404 (Not Found)
BROWSER: Failed to load resource: the server responded with a status of 404 (Not Found)
BROWSER: Failed to load resource: the server responded with a status of 404 (Not Found)
BROWSER: Failed to load resource: the server responded with a status of 404 (Not Found)
BROWSER: Failed to load resource: the server responded with a status of 404 (Not Found)
BROWSER: Failed to load resource: the server responded with a status of 404 (Not Found)
BROWSER: Failed to load resource: the server responded with a status of 404 (Not Found)
BROWSER: Failed to load resource: the server responded with a status of 404 (Not Found)
BROWSER: Failed to load resource: the server responded with a status of 404 (Not Found)
BROWSER: Failed to load resource: the server responded with a status of 404 (Not Found)
BROWSER: Failed to load resource: the server responded with a status of 404 (Not Found)
BROWSER: Failed to load resource: the server responded with a status of 404 (Not Found)
BROWSER: Failed to load resource: the server responded with a status of 404 (Not Found)
BROWSER: Failed to load resource: the server responded with a status of 404 (Not Found)
BROWSER: Failed to load resource: the server responded with a status of 404 (Not Found)
BROWSER: Failed to load resource: the server responded with a status of 404 (Not Found)
BROWSER: Failed to load resource: the server responded with a status of 404 (Not Found)
BROWSER: Failed to load resource: the server responded with a status of 404 (Not Found)
BROWSER: Failed to load resource: the server responded with a status of 404 (Not Found)
BROWSER: Failed to load resource: the server responded with a status of 404 (Not Found)
BROWSER: Failed to load resource: the server responded with a status of 404 (Not Found)
BROWSER: Failed to load resource: the server responded with a status of 404 (Not Found)
BROWSER: Failed to load resource: the server responded with a status of 404 (Not Found)
BROWSER: Failed to load resource: the server responded with a status of 404 (Not Found)
BROWSER: Failed to load resource: the server responded with a status of 404 (Not Found)
BROWSER: Failed to load resource: the server responded with a status of 404 (Not Found)
BROWSER: Failed to load resource: the server responded with a status of 404 (Not Found)
BROWSER: Failed to load resource: the server responded with a status of 404 (Not Found)
BROWSER: Failed to load resource: the server responded with a status of 404 (Not Found)
BROWSER: Failed to load resource: the server responded with a status of 404 (Not Found)
BROWSER: Failed to load resource: the server responded with a status of 404 (Not Found)
BROWSER: Failed to load resource: the server responded with a status of 404 (Not Found)
BROWSER: Failed to load resource: the server responded with a status of 404 (Not Found)
BROWSER: Failed to load resource: the server responded with a status of 404 (Not Found)
BROWSER: Failed to load resource: the server responded with a status of 404 (Not Found)
BROWSER: Failed to load resource: the server responded with a status of 404 (Not Found)
BROWSER: Failed to load resource: the server responded with a status of 404 (Not Found)
BROWSER: Failed to load resource: the server responded with a status of 404 (Not Found)
BROWSER: Failed to load resource: the server responded with a status of 404 (Not Found)
BROWSER: Failed to load resource: the server responded with a status of 404 (Not Found)
BROWSER: Failed to load resource: the server responded with a status of 404 (Not Found)
BROWSER: Failed to load resource: the server responded with a status of 404 (Not Found)
BROWSER: Failed to load resource: the server responded with a status of 404 (Not Found)
BROWSER: Failed to load resource: the server responded with a status of 404 (Not Found)
BROWSER: Failed to load resource: the server responded with a status of 404 (Not Found)
BROWSER: Failed to load resource: the server responded with a status of 404 (Not Found)
BROWSER: Failed to load resource: the server responded with a status of 404 (Not Found)
BROWSER: Failed to load resource: the server responded with a status of 404 (Not Found)
BROWSER: Failed to load resource: the server responded with a status of 404 (Not Found)
BROWSER: Failed to load resource: the server responded with a status of 404 (Not Found)
BROWSER: Failed to load resource: the server responded with a status of 404 (Not Found)
BROWSER: Failed to load resource: the server responded with a status of 404 (Not Found)
BROWSER: Failed to load resource: the server responded with a status of 404 (Not Found)
BROWSER: Failed to load resource: the server responded with a status of 404 (Not Found)
BROWSER: Failed to load resource: the server responded with a status of 404 (Not Found)
BROWSER: Failed to load resource: the server responded with a status of 404 (Not Found)
BROWSER: Failed to load resource: the server responded with a status of 404 (Not Found)
BROWSER: Failed to load resource: the server responded with a status of 404 (Not Found)
BROWSER: Failed to load resource: the server responded with a status of 404 (Not Found)
BROWSER: Failed to load resource: the server responded with a status of 404 (Not Found)
BROWSER: Failed to load resource: the server responded with a status of 404 (Not Found)
BROWSER: Failed to load resource: the server responded with a status of 404 (Not Found)
BROWSER: Failed to load resource: the server responded with a status of 404 (Not Found)
BROWSER: Failed to load resource: the server responded with a status of 404 (Not Found)
BROWSER: Failed to load resource: the server responded with a status of 404 (Not Found)
BROWSER: Failed to load resource: the server responded with a status of 404 (Not Found)
BROWSER: Failed to load resource: the server responded with a status of 404 (Not Found)
BROWSER: Failed to load resource: the server responded with a status of 404 (Not Found)
BROWSER: Failed to load resource: the server responded with a status of 404 (Not Found)
BROWSER: Failed to load resource: the server responded with a status of 404 (Not Found)
BROWSER: Failed to load resource: the server responded with a status of 404 (Not Found)
BROWSER: Failed to load resource: the server responded with a status of 404 (Not Found)
BROWSER: Failed to load resource: the server responded with a status of 404 (Not Found)
BROWSER: Failed to load resource: the server responded with a status of 404 (Not Found)
BROWSER: Failed to load resource: the server responded with a status of 404 (Not Found)
BROWSER: Failed to load resource: the server responded with a status of 404 (Not Found)
BROWSER: Failed to load resource: the server responded with a status of 404 (Not Found)
BROWSER: Failed to load resource: the server responded with a status of 404 (Not Found)
BROWSER: Failed to load resource: the server responded with a status of 404 (Not Found)
BROWSER: Failed to load resource: the server responded with a status of 404 (Not Found)
BROWSER: Failed to load resource: the server responded with a status of 404 (Not Found)
BROWSER: Failed to load resource: the server responded with a status of 404 (Not Found)
BROWSER: Failed to load resource: the server responded with a status of 404 (Not Found)
BROWSER: Failed to load resource: the server responded with a status of 404 (Not Found)
BROWSER: Failed to load resource: the server responded with a status of 404 (Not Found)
BROWSER: Failed to load resource: the server responded with a status of 404 (Not Found)
BROWSER: Failed to load resource: the server responded with a status of 404 (Not Found)
BROWSER: Failed to load resource: the server responded with a status of 404 (Not Found)
BROWSER: Failed to load resource: the server responded with a status of 404 (Not Found)
BROWSER: Failed to load resource: the server responded with a status of 404 (Not Found)
BROWSER: Failed to load resource: the server responded with a status of 404 (Not Found)
BROWSER: Failed to load resource: the server responded with a status of 404 (Not Found)
BROWSER: Failed to load resource: the server responded with a status of 404 (Not Found)
BROWSER: Failed to load resource: the server responded with a status of 404 (Not Found)
BROWSER: Failed to load resource: the server responded with a status of 404 (Not Found)
BROWSER: Failed to load resource: the server responded with a status of 404 (Not Found)
BROWSER: Failed to load resource: the server responded with a status of 404 (Not Found)
BROWSER: Failed to load resource: the server responded with a status of 404 (Not Found)
BROWSER: Failed to load resource: the server responded with a status of 404 (Not Found)
BROWSER: Failed to load resource: the server responded with a status of 404 (Not Found)
BROWSER: Failed to load resource: the server responded with a status of 404 (Not Found)
BROWSER: Failed to load resource: the server responded with a status of 404 (Not Found)
BROWSER: Failed to load resource: the server responded with a status of 404 (Not Found)
BROWSER: Failed to load resource: the server responded with a status of 404 (Not Found)
BROWSER: Failed to load resource: the server responded with a status of 404 (Not Found)
BROWSER: Failed to load resource: the server responded with a status of 404 (Not Found)
BROWSER: Failed to load resource: the server responded with a status of 404 (Not Found)
BROWSER: Failed to load resource: the server responded with a status of 404 (Not Found)
BROWSER: Failed to load resource: the server responded with a status of 404 (Not Found)
BROWSER: Failed to load resource: the server responded with a status of 404 (Not Found)
BROWSER: Failed to load resource: the server responded with a status of 404 (Not Found)
BROWSER: Failed to load resource: the server responded with a status of 404 (Not Found)
BROWSER: Failed to load resource: the server responded with a status of 404 (Not Found)
BROWSER: Failed to load resource: the server responded with a status of 404 (Not Found)
BROWSER: Failed to load resource: the server responded with a status of 404 (Not Found)
BROWSER: Failed to load resource: the server responded with a status of 404 (Not Found)
BROWSER: Failed to load resource: the server responded with a status of 404 (Not Found)
BROWSER: Failed to load resource: the server responded with a status of 404 (Not Found)
BROWSER: Failed to load resource: the server responded with a status of 404 (Not Found)
BROWSER: Failed to load resource: the server responded with a status of 404 (Not Found)
BROWSER: Failed to load resource: the server responded with a status of 404 (Not Found)
BROWSER: Failed to load resource: the server responded with a status of 404 (Not Found)
BROWSER: Failed to load resource: the server responded with a status of 404 (Not Found)
BROWSER: Failed to load resource: the server responded with a status of 404 (Not Found)
BROWSER: Failed to load resource: the server responded with a status of 404 (Not Found)
BROWSER: Failed to load resource: the server responded with a status of 404 (Not Found)
BROWSER: Failed to load resource: the server responded with a status of 404 (Not Found)
BROWSER: Failed to load resource: the server responded with a status of 404 (Not Found)
BROWSER: Failed to load resource: the server responded with a status of 404 (Not Found)
BROWSER: Failed to load resource: the server responded with a status of 404 (Not Found)
BROWSER: Failed to load resource: the server responded with a status of 404 (Not Found)
BROWSER: Failed to load resource: the server responded with a status of 404 (Not Found)
BROWSER: Failed to load resource: the server responded with a status of 404 (Not Found)
BROWSER: Failed to load resource: the server responded with a status of 404 (Not Found)
BROWSER: Failed to load resource: the server responded with a status of 404 (Not Found)
BROWSER: Failed to load resource: the server responded with a status of 404 (Not Found)
BROWSER: Failed to load resource: the server responded with a status of 404 (Not Found)
BROWSER: Failed to load resource: the server responded with a status of 404 (Not Found)
BROWSER: Failed to load resource: the server responded with a status of 404 (Not Found)
BROWSER: Failed to load resource: the server responded with a status of 404 (Not Found)
BROWSER: Failed to load resource: the server responded with a status of 404 (Not Found)
BROWSER: Failed to load resource: the server responded with a status of 404 (Not Found)
BROWSER: Failed to load resource: the server responded with a status of 404 (Not Found)
BROWSER: Failed to load resource: the server responded with a status of 404 (Not Found)
BROWSER: Failed to load resource: the server responded with a status of 404 (Not Found)
BROWSER: Failed to load resource: the server responded with a status of 404 (Not Found)
BROWSER: Failed to load resource: the server responded with a status of 404 (Not Found)
BROWSER: Failed to load resource: the server responded with a status of 404 (Not Found)
BROWSER: Failed to load resource: the server responded with a status of 404 (Not Found)
BROWSER: Failed to load resource: the server responded with a status of 404 (Not Found)
BROWSER: Failed to load resource: the server responded with a status of 404 (Not Found)
BROWSER: Failed to load resource: the server responded with a status of 404 (Not Found)
BROWSER: Failed to load resource: the server responded with a status of 404 (Not Found)
BROWSER: Failed to load resource: the server responded with a status of 404 (Not Found)
BROWSER: Failed to load resource: the server responded with a status of 404 (Not Found)
BROWSER: Failed to load resource: the server responded with a status of 404 (Not Found)
BROWSER: Failed to load resource: the server responded with a status of 404 (Not Found)
BROWSER: Failed to load resource: the server responded with a status of 404 (Not Found)
BROWSER: Failed to load resource: the server responded with a status of 404 (Not Found)
BROWSER: Failed to load resource: the server responded with a status of 404 (Not Found)
BROWSER: Failed to load resource: the server responded with a status of 404 (Not Found)
BROWSER: Failed to load resource: the server responded with a status of 404 (Not Found)
BROWSER: Failed to load resource: the server responded with a status of 404 (Not Found)
BROWSER: Failed to load resource: the server responded with a status of 404 (Not Found)
BROWSER: Failed to load resource: the server responded with a status of 404 (Not Found)
BROWSER: Failed to load resource: the server responded with a status of 404 (Not Found)
BROWSER: Failed to load resource: the server responded with a status of 404 (Not Found)
BROWSER: Failed to load resource: the server responded with a status of 404 (Not Found)
BROWSER: Failed to load resource: the server responded with a status of 404 (Not Found)
BROWSER: Failed to load resource: the server responded with a status of 404 (Not Found)
BROWSER: Failed to load resource: the server responded with a status of 404 (Not Found)
BROWSER: Failed to load resource: the server responded with a status of 404 (Not Found)
BROWSER: Failed to load resource: the server responded with a status of 404 (Not Found)
BROWSER: Failed to load resource: the server responded with a status of 404 (Not Found)
BROWSER: Failed to load resource: the server responded with a status of 404 (Not Found)
BROWSER: Failed to load resource: the server responded with a status of 404 (Not Found)
BROWSER: Failed to load resource: the server responded with a status of 404 (Not Found)
BROWSER: Failed to load resource: the server responded with a status of 404 (Not Found)
BROWSER: Failed to load resource: the server responded with a status of 404 (Not Found)
BROWSER: Failed to load resource: the server responded with a status of 404 (Not Found)
BROWSER: Failed to load resource: the server responded with a status of 404 (Not Found)
BROWSER: Failed to load resource: the server responded with a status of 404 (Not Found)
BROWSER: Failed to load resource: the server responded with a status of 404 (Not Found)
BROWSER: Failed to load resource: the server responded with a status of 404 (Not Found)
BROWSER: Failed to load resource: the server responded with a status of 404 (Not Found)
BROWSER: Failed to load resource: the server responded with a status of 404 (Not Found)
BROWSER: Failed to load resource: the server responded with a status of 404 (Not Found)
BROWSER: Failed to load resource: the server responded with a status of 404 (Not Found)
BROWSER: Failed to load resource: the server responded with a status of 404 (Not Found)
BROWSER: Failed to load resource: the server responded with a status of 404 (Not Found)
BROWSER: Failed to load resource: the server responded with a status of 404 (Not Found)
BROWSER: Failed to load resource: the server responded with a status of 404 (Not Found)
BROWSER: Failed to load resource: the server responded with a status of 404 (Not Found)
BROWSER: Failed to load resource: the server responded with a status of 404 (Not Found)
BROWSER: Failed to load resource: the server responded with a status of 404 (Not Found)
BROWSER: Failed to load resource: the server responded with a status of 404 (Not Found)
BROWSER: Failed to load resource: the server responded with a status of 404 (Not Found)
BROWSER: Failed to load resource: the server responded with a status of 404 (Not Found)
BROWSER: Failed to load resource: the server responded with a status of 404 (Not Found)
BROWSER: Failed to load resource: the server responded with a status of 404 (Not Found)
BROWSER: Failed to load resource: the server responded with a status of 404 (Not Found)
BROWSER: Failed to load resource: the server responded with a status of 404 (Not Found)
BROWSER: Failed to load resource: the server responded with a status of 404 (Not Found)
BROWSER: Failed to load resource: the server responded with a status of 404 (Not Found)
BROWSER: Failed to load resource: the server responded with a status of 404 (Not Found)
BROWSER: Failed to load resource: the server responded with a status of 404 (Not Found)
BROWSER: Failed to load resource: the server responded with a status of 404 (Not Found)
BROWSER: Failed to load resource: the server responded with a status of 404 (Not Found)
BROWSER: Failed to load resource: the server responded with a status of 404 (Not Found)
BROWSER: Failed to load resource: the server responded with a status of 404 (Not Found)
BROWSER: Failed to load resource: the server responded with a status of 404 (Not Found)
BROWSER: Failed to load resource: the server responded with a status of 404 (Not Found)
BROWSER: Failed to load resource: the server responded with a status of 404 (Not Found)
BROWSER: Failed to load resource: the server responded with a status of 404 (Not Found)
BROWSER: Failed to load resource: the server responded with a status of 404 (Not Found)
BROWSER: Failed to load resource: the server responded with a status of 404 (Not Found)
BROWSER: Failed to load resource: the server responded with a status of 404 (Not Found)
BROWSER: Failed to load resource: the server responded with a status of 404 (Not Found)
BROWSER: Failed to load resource: the server responded with a status of 404 (Not Found)
BROWSER: Failed to load resource: the server responded with a status of 404 (Not Found)
BROWSER: Failed to load resource: the server responded with a status of 404 (Not Found)
BROWSER: Failed to load resource: the server responded with a status of 404 (Not Found)
BROWSER: Failed to load resource: the server responded with a status of 404 (Not Found)
BROWSER: Failed to load resource: the server responded with a status of 404 (Not Found)
BROWSER: Failed to load resource: the server responded with a status of 404 (Not Found)
BROWSER: Failed to load resource: the server responded with a status of 404 (Not Found)
BROWSER: Failed to load resource: the server responded with a status of 404 (Not Found)
BROWSER: Failed to load resource: the server responded with a status of 404 (Not Found)
BROWSER: Failed to load resource: the server responded with a status of 404 (Not Found)
BROWSER: Failed to load resource: the server responded with a status of 404 (Not Found)
BROWSER: Failed to load resource: the server responded with a status of 404 (Not Found)
BROWSER: Failed to load resource: the server responded with a status of 404 (Not Found)
BROWSER: Failed to load resource: the server responded with a status of 404 (Not Found)
BROWSER: Failed to load resource: the server responded with a status of 404 (Not Found)
BROWSER: Failed to load resource: the server responded with a status of 404 (Not Found)
BROWSER: Failed to load resource: the server responded with a status of 404 (Not Found)
BROWSER: Failed to load resource: the server responded with a status of 404 (Not Found)
BROWSER: Failed to load resource: the server responded with a status of 404 (Not Found)
BROWSER: Failed to load resource: the server responded with a status of 404 (Not Found)
BROWSER: Failed to load resource: the server responded with a status of 404 (Not Found)
BROWSER: Failed to load resource: the server responded with a status of 404 (Not Found)
BROWSER: Failed to load resource: the server responded with a status of 404 (Not Found)
BROWSER: Failed to load resource: the server responded with a status of 404 (Not Found)
BROWSER: Failed to load resource: the server responded with a status of 404 (Not Found)
BROWSER: Failed to load resource: the server responded with a status of 404 (Not Found)
BROWSER: Failed to load resource: the server responded with a status of 404 (Not Found)
BROWSER: Failed to load resource: the server responded with a status of 404 (Not Found)
BROWSER: Failed to load resource: the server responded with a status of 404 (Not Found)
BROWSER: Failed to load resource: the server responded with a status of 404 (Not Found)
BROWSER: Failed to load resource: the server responded with a status of 404 (Not Found)
BROWSER: Failed to load resource: the server responded with a status of 404 (Not Found)
BROWSER: Failed to load resource: the server responded with a status of 404 (Not Found)
BROWSER: Failed to load resource: the server responded with a status of 404 (Not Found)
BROWSER: Failed to load resource: the server responded with a status of 404 (Not Found)
BROWSER: Failed to load resource: the server responded with a status of 404 (Not Found)
BROWSER: Failed to load resource: the server responded with a status of 404 (Not Found)
BROWSER: Failed to load resource: the server responded with a status of 404 (Not Found)
BROWSER: Failed to load resource: the server responded with a status of 404 (Not Found)
BROWSER: Failed to load resource: the server responded with a status of 404 (Not Found)
BROWSER: Failed to load resource: the server responded with a status of 404 (Not Found)
BROWSER: Failed to load resource: the server responded with a status of 404 (Not Found)
BROWSER: Failed to load resource: the server responded with a status of 404 (Not Found)
BROWSER: Failed to load resource: the server responded with a status of 404 (Not Found)
BROWSER: Failed to load resource: the server responded with a status of 404 (Not Found)
BROWSER: Failed to load resource: the server responded with a status of 404 (Not Found)
BROWSER: Failed to load resource: the server responded with a status of 404 (Not Found)
BROWSER: Failed to load resource: the server responded with a status of 404 (Not Found)
BROWSER: Failed to load resource: the server responded with a status of 404 (Not Found)
BROWSER: Failed to load resource: the server responded with a status of 404 (Not Found)
BROWSER: Failed to load resource: the server responded with a status of 404 (Not Found)
BROWSER: Failed to load resource: the server responded with a status of 404 (Not Found)
BROWSER: Failed to load resource: the server responded with a status of 404 (Not Found)
BROWSER: Failed to load resource: the server responded with a status of 404 (Not Found)
BROWSER: Failed to load resource: the server responded with a status of 404 (Not Found)
BROWSER: Failed to load resource: the server responded with a status of 404 (Not Found)
BROWSER: Failed to load resource: the server responded with a status of 404 (Not Found)
BROWSER: Failed to load resource: the server responded with a status of 404 (Not Found)
BROWSER: Failed to load resource: the server responded with a status of 404 (Not Found)
BROWSER: Failed to load resource: the server responded with a status of 404 (Not Found)
BROWSER: Failed to load resource: the server responded with a status of 404 (Not Found)
BROWSER: Failed to load resource: the server responded with a status of 404 (Not Found)
BROWSER: Failed to load resource: the server responded with a status of 404 (Not Found)
BROWSER: Failed to load resource: the server responded with a status of 404 (Not Found)
BROWSER: Failed to load resource: the server responded with a status of 404 (Not Found)
BROWSER: Failed to load resource: the server responded with a status of 404 (Not Found)
BROWSER: Failed to load resource: the server responded with a status of 404 (Not Found)
BROWSER: Failed to load resource: the server responded with a status of 404 (Not Found)
BROWSER: Failed to load resource: the server responded with a status of 404 (Not Found)
BROWSER: Failed to load resource: the server responded with a status of 404 (Not Found)
BROWSER: Failed to load resource: the server responded with a status of 404 (Not Found)
BROWSER: Failed to load resource: the server responded with a status of 404 (Not Found)
BROWSER: Failed to load resource: the server responded with a status of 404 (Not Found)
BROWSER: Failed to load resource: the server responded with a status of 404 (Not Found)
BROWSER: Failed to load resource: the server responded with a status of 404 (Not Found)
BROWSER: Failed to load resource: the server responded with a status of 404 (Not Found)
BROWSER: Failed to load resource: the server responded with a status of 404 (Not Found)
BROWSER: Failed to load resource: the server responded with a status of 404 (Not Found)
BROWSER: Failed to load resource: the server responded with a status of 404 (Not Found)
BROWSER: Failed to load resource: the server responded with a status of 404 (Not Found)
BROWSER: Failed to load resource: the server responded with a status of 404 (Not Found)
BROWSER: Failed to load resource: the server responded with a status of 404 (Not Found)
BROWSER: Failed to load resource: the server responded with a status of 404 (Not Found)
BROWSER: Failed to load resource: the server responded with a status of 404 (Not Found)
BROWSER: Failed to load resource: the server responded with a status of 404 (Not Found)
BROWSER: Failed to load resource: the server responded with a status of 404 (Not Found)
BROWSER: Failed to load resource: the server responded with a status of 404 (Not Found)
BROWSER: Failed to load resource: the server responded with a status of 404 (Not Found)
BROWSER: Failed to load resource: the server responded with a status of 404 (Not Found)
BROWSER: Failed to load resource: the server responded with a status of 404 (Not Found)
BROWSER: Failed to load resource: the server responded with a status of 404 (Not Found)
BROWSER: Failed to load resource: the server responded with a status of 404 (Not Found)
BROWSER: Failed to load resource: the server responded with a status of 404 (Not Found)
BROWSER: Failed to load resource: the server responded with a status of 404 (Not Found)
BROWSER: Failed to load resource: the server responded with a status of 404 (Not Found)
BROWSER: Failed to load resource: the server responded with a status of 404 (Not Found)
BROWSER: Failed to load resource: the server responded with a status of 404 (Not Found)
BROWSER: Failed to load resource: the server responded with a status of 404 (Not Found)
BROWSER: Failed to load resource: the server responded with a status of 404 (Not Found)
BROWSER: Failed to load resource: the server responded with a status of 404 (Not Found)
BROWSER: Failed to load resource: the server responded with a status of 404 (Not Found)
BROWSER: Failed to load resource: the server responded with a status of 404 (Not Found)
BROWSER: Failed to load resource: the server responded with a status of 404 (Not Found)
BROWSER: Failed to load resource: the server responded with a status of 404 (Not Found)
BROWSER: Failed to load resource: the server responded with a status of 404 (Not Found)
BROWSER: Failed to load resource: the server responded with a status of 404 (Not Found)
BROWSER: Failed to load resource: the server responded with a status of 404 (Not Found)
BROWSER: Failed to load resource: the server responded with a status of 404 (Not Found)
BROWSER: Failed to load resource: the server responded with a status of 404 (Not Found)
BROWSER: Failed to load resource: the server responded with a status of 404 (Not Found)
BROWSER: Failed to load resource: the server responded with a status of 404 (Not Found)
BROWSER: Failed to load resource: the server responded with a status of 404 (Not Found)
BROWSER: Failed to load resource: the server responded with a status of 404 (Not Found)
BROWSER: Failed to load resource: the server responded with a status of 404 (Not Found)
BROWSER: Failed to load resource: the server responded with a status of 404 (Not Found)
BROWSER: Failed to load resource: the server responded with a status of 404 (Not Found)
BROWSER: Failed to load resource: the server responded with a status of 404 (Not Found)
BROWSER: Failed to load resource: the server responded with a status of 404 (Not Found)
BROWSER: Failed to load resource: the server responded with a status of 404 (Not Found)
BROWSER: Failed to load resource: the server responded with a status of 404 (Not Found)
BROWSER: Failed to load resource: the server responded with a status of 404 (Not Found)
BROWSER: Failed to load resource: the server responded with a status of 404 (Not Found)
BROWSER: Failed to load resource: the server responded with a status of 404 (Not Found)
BROWSER: Failed to load resource: the server responded with a status of 404 (Not Found)
BROWSER: Failed to load resource: the server responded with a status of 404 (Not Found)
BROWSER: Failed to load resource: the server responded with a status of 404 (Not Found)
BROWSER: Failed to load resource: the server responded with a status of 404 (Not Found)
BROWSER: Failed to load resource: the server responded with a status of 404 (Not Found)
BROWSER: Failed to load resource: the server responded with a status of 404 (Not Found)
BROWSER: Failed to load resource: the server responded with a status of 404 (Not Found)
BROWSER: Failed to load resource: the server responded with a status of 404 (Not Found)
BROWSER: Failed to load resource: the server responded with a status of 404 (Not Found)
BROWSER: Failed to load resource: the server responded with a status of 404 (Not Found)
BROWSER: Failed to load resource: the server responded with a status of 404 (Not Found)
BROWSER: Failed to load resource: the server responded with a status of 404 (Not Found)
BROWSER: Failed to load resource: the server responded with a status of 404 (Not Found)
BROWSER: Failed to load resource: the server responded with a status of 404 (Not Found)
BROWSER: Failed to load resource: the server responded with a status of 404 (Not Found)
BROWSER: Failed to load resource: the server responded with a status of 404 (Not Found)
BROWSER: Failed to load resource: the server responded with a status of 404 (Not Found)
BROWSER: Failed to load resource: the server responded with a status of 404 (Not Found)
BROWSER: Failed to load resource: the server responded with a status of 404 (Not Found)
BROWSER: Failed to load resource: the server responded with a status of 404 (Not Found)
BROWSER: Failed to load resource: the server responded with a status of 404 (Not Found)
BROWSER: Failed to load resource: the server responded with a status of 404 (Not Found)
BROWSER: Failed to load resource: the server responded with a status of 404 (Not Found)
BROWSER: Failed to load resource: the server responded with a status of 404 (Not Found)
BROWSER: Failed to load resource: the server responded with a status of 404 (Not Found)
BROWSER: Failed to load resource: the server responded with a status of 404 (Not Found)
BROWSER: Failed to load resource: the server responded with a status of 404 (Not Found)
BROWSER: Failed to load resource: the server responded with a status of 404 (Not Found)
BROWSER: Failed to load resource: the server responded with a status of 404 (Not Found)
BROWSER: Failed to load resource: the server responded with a status of 404 (Not Found)
BROWSER: Failed to load resource: the server responded with a status of 404 (Not Found)
BROWSER: Failed to load resource: the server responded with a status of 404 (Not Found)
BROWSER: Failed to load resource: the server responded with a status of 404 (Not Found)
BROWSER: Failed to load resource: the server responded with a status of 404 (Not Found)
BROWSER: Failed to load resource: the server responded with a status of 404 (Not Found)
BROWSER: Failed to load resource: the server responded with a status of 404 (Not Found)
BROWSER: Failed to load resource: the server responded with a status of 404 (Not Found)
BROWSER: Failed to load resource: the server responded with a status of 404 (Not Found)
BROWSER: Failed to load resource: the server responded with a status of 404 (Not Found)
BROWSER: Failed to load resource: the server responded with a status of 404 (Not Found)
BROWSER: Failed to load resource: the server responded with a status of 404 (Not Found)
BROWSER: Failed to load resource: the server responded with a status of 404 (Not Found)
BROWSER: Failed to load resource: the server responded with a status of 404 (Not Found)
BROWSER: Failed to load resource: the server responded with a status of 404 (Not Found)
BROWSER: Failed to load resource: the server responded with a status of 404 (Not Found)
BROWSER: Failed to load resource: the server responded with a status of 404 (Not Found)
BROWSER: Failed to load resource: the server responded with a status of 404 (Not Found)
BROWSER: Failed to load resource: the server responded with a status of 404 (Not Found)
BROWSER: Failed to load resource: the server responded with a status of 404 (Not Found)
BROWSER: Failed to load resource: the server responded with a status of 404 (Not Found)
BROWSER: Failed to load resource: the server responded with a status of 404 (Not Found)
BROWSER: Failed to load resource: the server responded with a status of 404 (Not Found)
BROWSER: Failed to load resource: the server responded with a status of 404 (Not Found)
BROWSER: Failed to load resource: the server responded with a status of 404 (Not Found)
BROWSER: Failed to load resource: the server responded with a status of 404 (Not Found)
BROWSER: Failed to load resource: the server responded with a status of 404 (Not Found)
BROWSER: Failed to load resource: the server responded with a status of 404 (Not Found)
BROWSER: Failed to load resource: the server responded with a status of 404 (Not Found)
BROWSER: Failed to load resource: the server responded with a status of 404 (Not Found)
BROWSER: Failed to load resource: the server responded with a status of 404 (Not Found)
BROWSER: Failed to load resource: the server responded with a status of 404 (Not Found)
BROWSER: Failed to load resource: the server responded with a status of 404 (Not Found)
BROWSER: Failed to load resource: the server responded with a status of 404 (Not Found)
BROWSER: Failed to load resource: the server responded with a status of 404 (Not Found)
BROWSER: Failed to load resource: the server responded with a status of 404 (Not Found)
BROWSER: Failed to load resource: the server responded with a status of 404 (Not Found)
BROWSER: Failed to load resource: the server responded with a status of 404 (Not Found)
BROWSER: Failed to load resource: the server responded with a status of 404 (Not Found)
BROWSER: Failed to load resource: the server responded with a status of 404 (Not Found)
BROWSER: Failed to load resource: the server responded with a status of 404 (Not Found)
BROWSER: Failed to load resource: the server responded with a status of 404 (Not Found)
BROWSER: Failed to load resource: the server responded with a status of 404 (Not Found)
BROWSER: Failed to load resource: the server responded with a status of 404 (Not Found)
BROWSER: Failed to load resource: the server responded with a status of 404 (Not Found)
BROWSER: Failed to load resource: the server responded with a status of 404 (Not Found)
BROWSER: Failed to load resource: the server responded with a status of 404 (Not Found)
BROWSER: Failed to load resource: the server responded with a status of 404 (Not Found)
BROWSER: Failed to load resource: the server responded with a status of 404 (Not Found)
BROWSER: Failed to load resource: the server responded with a status of 404 (Not Found)
BROWSER: Failed to load resource: the server responded with a status of 404 (Not Found)
BROWSER: Failed to load resource: the server responded with a status of 404 (Not Found)
BROWSER: Failed to load resource: the server responded with a status of 404 (Not Found)
BROWSER: Failed to load resource: the server responded with a status of 404 (Not Found)
BROWSER: Failed to load resource: the server responded with a status of 404 (Not Found)
BROWSER: Failed to load resource: the server responded with a status of 404 (Not Found)
BROWSER: Failed to load resource: the server responded with a status of 404 (Not Found)
BROWSER: Failed to load resource: the server responded with a status of 404 (Not Found)
BROWSER: Failed to load resource: the server responded with a status of 404 (Not Found)
BROWSER: Failed to load resource: the server responded with a status of 404 (Not Found)
BROWSER: Failed to load resource: the server responded with a status of 404 (Not Found)
BROWSER: Failed to load resource: the server responded with a status of 404 (Not Found)
BROWSER: Failed to load resource: the server responded with a status of 404 (Not Found)
BROWSER: Failed to load resource: the server responded with a status of 404 (Not Found)
BROWSER: Failed to load resource: the server responded with a status of 404 (Not Found)
BROWSER: Failed to load resource: the server responded with a status of 404 (Not Found)
BROWSER: Failed to load resource: the server responded with a status of 404 (Not Found)
BROWSER: Failed to load resource: the server responded with a status of 404 (Not Found)
BROWSER: Failed to load resource: the server responded with a status of 404 (Not Found)
BROWSER: Failed to load resource: the server responded with a status of 404 (Not Found)
BROWSER: Failed to load resource: the server responded with a status of 404 (Not Found)
BROWSER: Failed to load resource: the server responded with a status of 404 (Not Found)
BROWSER: Failed to load resource: the server responded with a status of 404 (Not Found)
BROWSER: Failed to load resource: the server responded with a status of 404 (Not Found)
BROWSER: Failed to load resource: the server responded with a status of 404 (Not Found)
BROWSER: Failed to load resource: the server responded with a status of 404 (Not Found)
BROWSER: Failed to load resource: the server responded with a status of 404 (Not Found)
BROWSER: Failed to load resource: the server responded with a status of 404 (Not Found)
BROWSER: Failed to load resource: the server responded with a status of 404 (Not Found)
BROWSER: Failed to load resource: the server responded with a status of 404 (Not Found)
BROWSER: Failed to load resource: the server responded with a status of 404 (Not Found)
BROWSER: Failed to load resource: the server responded with a status of 404 (Not Found)
BROWSER: Failed to load resource: the server responded with a status of 404 (Not Found)
BROWSER: Failed to load resource: the server responded with a status of 404 (Not Found)
BROWSER: Failed to load resource: the server responded with a status of 404 (Not Found)
BROWSER: Failed to load resource: the server responded with a status of 404 (Not Found)
BROWSER: Failed to load resource: the server responded with a status of 404 (Not Found)
BROWSER: Failed to load resource: the server responded with a status of 404 (Not Found)
BROWSER: Failed to load resource: the server responded with a status of 404 (Not Found)
BROWSER: Failed to load resource: the server responded with a status of 404 (Not Found)
BROWSER: Failed to load resource: the server responded with a status of 404 (Not Found)
BROWSER: Failed to load resource: the server responded with a status of 404 (Not Found)
BROWSER: Failed to load resource: the server responded with a status of 404 (Not Found)
BROWSER: Failed to load resource: the server responded with a status of 404 (Not Found)
BROWSER: Failed to load resource: the server responded with a status of 404 (Not Found)
BROWSER: Failed to load resource: the server responded with a status of 404 (Not Found)
BROWSER: Failed to load resource: the server responded with a status of 404 (Not Found)
BROWSER: Failed to load resource: the server responded with a status of 404 (Not Found)
BROWSER: Failed to load resource: the server responded with a status of 404 (Not Found)
BROWSER: Failed to load resource: the server responded with a status of 404 (Not Found)
BROWSER: Failed to load resource: the server responded with a status of 404 (Not Found)
BROWSER: Failed to load resource: the server responded with a status of 404 (Not Found)
BROWSER: Failed to load resource: the server responded with a status of 404 (Not Found)
BROWSER: Failed to load resource: the server responded with a status of 404 (Not Found)
BROWSER: Failed to load resource: the server responded with a status of 404 (Not Found)
BROWSER: Failed to load resource: the server responded with a status of 404 (Not Found)
BROWSER: Failed to load resource: the server responded with a status of 404 (Not Found)
BROWSER: Failed to load resource: the server responded with a status of 404 (Not Found)
BROWSER: Failed to load resource: the server responded with a status of 404 (Not Found)
BROWSER: Failed to load resource: the server responded with a status of 404 (Not Found)
BROWSER: Failed to load resource: the server responded with a status of 404 (Not Found)
BROWSER: Failed to load resource: the server responded with a status of 404 (Not Found)
BROWSER: Failed to load resource: the server responded with a status of 404 (Not Found)
BROWSER: Failed to load resource: the server responded with a status of 404 (Not Found)
BROWSER: Failed to load resource: the server responded with a status of 404 (Not Found)
BROWSER: Failed to load resource: the server responded with a status of 404 (Not Found)
BROWSER: Failed to load resource: the server responded with a status of 404 (Not Found)
BROWSER: Failed to load resource: the server responded with a status of 404 (Not Found)
BROWSER: Failed to load resource: the server responded with a status of 404 (Not Found)
BROWSER: Failed to load resource: the server responded with a status of 404 (Not Found)
BROWSER: Failed to load resource: the server responded with a status of 404 (Not Found)
BROWSER: Failed to load resource: the server responded with a status of 404 (Not Found)
BROWSER: Failed to load resource: the server responded with a status of 404 (Not Found)
BROWSER: Failed to load resource: the server responded with a status of 404 (Not Found)
BROWSER: Failed to load resource: the server responded with a status of 404 (Not Found)
BROWSER: Failed to load resource: the server responded with a status of 404 (Not Found)
BROWSER: Failed to load resource: the server responded with a status of 404 (Not Found)
BROWSER: Failed to load resource: the server responded with a status of 404 (Not Found)
BROWSER: Failed to load resource: the server responded with a status of 404 (Not Found)
BROWSER: Failed to load resource: the server responded with a status of 404 (Not Found)
BROWSER: Failed to load resource: the server responded with a status of 404 (Not Found)
BROWSER: Failed to load resource: the server responded with a status of 404 (Not Found)
BROWSER: Failed to load resource: the server responded with a status of 404 (Not Found)
BROWSER: Failed to load resource: the server responded with a status of 404 (Not Found)
BROWSER: Failed to load resource: the server responded with a status of 404 (Not Found)
BROWSER: Failed to load resource: the server responded with a status of 404 (Not Found)
BROWSER: Failed to load resource: the server responded with a status of 404 (Not Found)
BROWSER: Failed to load resource: the server responded with a status of 404 (Not Found)
BROWSER: Failed to load resource: the server responded with a status of 404 (Not Found)
BROWSER: Failed to load resource: the server responded with a status of 404 (Not Found)
BROWSER: Failed to load resource: the server responded with a status of 404 (Not Found)
BROWSER: Failed to load resource: the server responded with a status of 404 (Not Found)
BROWSER: Failed to load resource: the server responded with a status of 404 (Not Found)
BROWSER: Failed to load resource: the server responded with a status of 404 (Not Found)
BROWSER: Failed to load resource: the server responded with a status of 404 (Not Found)
BROWSER: Failed to load resource: the server responded with a status of 404 (Not Found)
BROWSER: Failed to load resource: the server responded with a status of 404 (Not Found)
BROWSER: Failed to load resource: the server responded with a status of 404 (Not Found)
BROWSER: Failed to load resource: the server responded with a status of 404 (Not Found)
BROWSER: Failed to load resource: the server responded with a status of 404 (Not Found)
BROWSER: Failed to load resource: the server responded with a status of 404 (Not Found)
BROWSER: Failed to load resource: the server responded with a status of 404 (Not Found)
BROWSER: Failed to load resource: the server responded with a status of 404 (Not Found)
BROWSER: Failed to load resource: the server responded with a status of 404 (Not Found)
BROWSER: Failed to load resource: the server responded with a status of 404 (Not Found)
BROWSER: Failed to load resource: the server responded with a status of 404 (Not Found)
BROWSER: Failed to load resource: the server responded with a status of 404 (Not Found)
BROWSER: Failed to load resource: the server responded with a status of 404 (Not Found)
BROWSER: Failed to load resource: the server responded with a status of 404 (Not Found)
BROWSER: Failed to load resource: the server responded with a status of 404 (Not Found)
BROWSER: Failed to load resource: the server responded with a status of 404 (Not Found)
BROWSER: Failed to load resource: the server responded with a status of 404 (Not Found)
BROWSER: Failed to load resource: the server responded with a status of 404 (Not Found)
BROWSER: Failed to load resource: the server responded with a status of 404 (Not Found)
BROWSER: Failed to load resource: the server responded with a status of 404 (Not Found)
BROWSER: Failed to load resource: the server responded with a status of 404 (Not Found)
BROWSER: Failed to load resource: the server responded with a status of 404 (Not Found)
BROWSER: Failed to load resource: the server responded with a status of 404 (Not Found)
BROWSER: Failed to load resource: the server responded with a status of 404 (Not Found)
BROWSER: Failed to load resource: the server responded with a status of 404 (Not Found)
BROWSER: Failed to load resource: the server responded with a status of 404 (Not Found)
BROWSER: Failed to load resource: the server responded with a status of 404 (Not Found)
BROWSER: Failed to load resource: the server responded with a status of 404 (Not Found)
BROWSER: Failed to load resource: the server responded with a status of 404 (Not Found)
BROWSER: Failed to load resource: the server responded with a status of 404 (Not Found)
BROWSER: Failed to load resource: the server responded with a status of 404 (Not Found)
BROWSER: Failed to load resource: the server responded with a status of 404 (Not Found)
BROWSER: Failed to load resource: the server responded with a status of 404 (Not Found)
BROWSER: Failed to load resource: the server responded with a status of 404 (Not Found)
BROWSER: Failed to load resource: the server responded with a status of 404 (Not Found)
BROWSER: Failed to load resource: the server responded with a status of 404 (Not Found)
BROWSER: Failed to load resource: the server responded with a status of 404 (Not Found)
BROWSER: Failed to load resource: the server responded with a status of 404 (Not Found)
BROWSER: Failed to load resource: the server responded with a status of 404 (Not Found)
BROWSER: Failed to load resource: the server responded with a status of 404 (Not Found)
BROWSER: Failed to load resource: the server responded with a status of 404 (Not Found)
BROWSER: Failed to load resource: the server responded with a status of 404 (Not Found)
BROWSER: Failed to load resource: the server responded with a status of 404 (Not Found)
BROWSER: Failed to load resource: the server responded with a status of 404 (Not Found)
BROWSER: Failed to load resource: the server responded with a status of 404 (Not Found)
BROWSER: Failed to load resource: the server responded with a status of 404 (Not Found)
BROWSER: Failed to load resource: the server responded with a status of 404 (Not Found)
BROWSER: Failed to load resource: the server responded with a status of 404 (Not Found)
BROWSER: Failed to load resource: the server responded with a status of 404 (Not Found)
BROWSER: Failed to load resource: the server responded with a status of 404 (Not Found)
BROWSER: Failed to load resource: the server responded with a status of 404 (Not Found)
BROWSER: Failed to load resource: the server responded with a status of 404 (Not Found)
BROWSER: Failed to load resource: the server responded with a status of 404 (Not Found)
BROWSER: Failed to load resource: the server responded with a status of 404 (Not Found)
BROWSER: Failed to load resource: the server responded with a status of 404 (Not Found)
BROWSER: Failed to load resource: the server responded with a status of 404 (Not Found)
BROWSER: Failed to load resource: the server responded with a status of 404 (Not Found)
BROWSER: Failed to load resource: the server responded with a status of 404 (Not Found)
BROWSER: Failed to load resource: the server responded with a status of 404 (Not Found)
BROWSER: Failed to load resource: the server responded with a status of 404 (Not Found)
BROWSER: Failed to load resource: the server responded with a status of 404 (Not Found)
BROWSER: Failed to load resource: the server responded with a status of 404 (Not Found)
BROWSER: Failed to load resource: the server responded with a status of 404 (Not Found)
BROWSER: Failed to load resource: the server responded with a status of 404 (Not Found)
BROWSER: Failed to load resource: the server responded with a status of 404 (Not Found)
BROWSER: Failed to load resource: the server responded with a status of 404 (Not Found)
BROWSER: Failed to load resource: the server responded with a status of 404 (Not Found)
BROWSER: Failed to load resource: the server responded with a status of 404 (Not Found)
BROWSER: Failed to load resource: the server responded with a status of 404 (Not Found)
BROWSER: Failed to load resource: the server responded with a status of 404 (Not Found)
BROWSER: Failed to load resource: the server responded with a status of 404 (Not Found)
BROWSER: Failed to load resource: the server responded with a status of 404 (Not Found)
BROWSER: Failed to load resource: the server responded with a status of 404 (Not Found)
BROWSER: Failed to load resource: the server responded with a status of 404 (Not Found)
BROWSER: Failed to load resource: the server responded with a status of 404 (Not Found)
BROWSER: Failed to load resource: the server responded with a status of 404 (Not Found)
BROWSER: Failed to load resource: the server responded with a status of 404 (Not Found)
BROWSER: Failed to load resource: the server responded with a status of 404 (Not Found)
BROWSER: Failed to load resource: the server responded with a status of 404 (Not Found)
BROWSER: Failed to load resource: the server responded with a status of 404 (Not Found)
BROWSER: Failed to load resource: the server responded with a status of 404 (Not Found)
BROWSER: Failed to load resource: the server responded with a status of 404 (Not Found)
BROWSER: Failed to load resource: the server responded with a status of 404 (Not Found)
BROWSER: Failed to load resource: the server responded with a status of 404 (Not Found)
BROWSER: Failed to load resource: the server responded with a status of 404 (Not Found)
BROWSER: Failed to load resource: the server responded with a status of 404 (Not Found)
BROWSER: Failed to load resource: the server responded with a status of 404 (Not Found)
BROWSER: Failed to load resource: the server responded with a status of 404 (Not Found)
BROWSER: Failed to load resource: the server responded with a status of 404 (Not Found)
BROWSER: Failed to load resource: the server responded with a status of 404 (Not Found)
BROWSER: Failed to load resource: the server responded with a status of 404 (Not Found)
BROWSER: Failed to load resource: the server responded with a status of 404 (Not Found)
BROWSER: Failed to load resource: the server responded with a status of 404 (Not Found)
BROWSER: Failed to load resource: the server responded with a status of 404 (Not Found)
BROWSER: Failed to load resource: the server responded with a status of 404 (Not Found)
BROWSER: Failed to load resource: the server responded with a status of 404 (Not Found)
BROWSER: Failed to load resource: the server responded with a status of 404 (Not Found)
BROWSER: Failed to load resource: the server responded with a status of 404 (Not Found)
BROWSER: Failed to load resource: the server responded with a status of 404 (Not Found)
BROWSER: Failed to load resource: the server responded with a status of 404 (Not Found)
BROWSER: Failed to load resource: the server responded with a status of 404 (Not Found)
BROWSER: Failed to load resource: the server responded with a status of 404 (Not Found)
BROWSER: Failed to load resource: the server responded with a status of 404 (Not Found)
PONTUA├ç├âO AMANDA AP├ôS REGISTRO: 2
BROWSER: Failed to load resource: the server responded with a status of 404 (Not Found)
BROWSER: Failed to load resource: the server responded with a status of 404 (Not Found)
BROWSER: Failed to load resource: the server responded with a status of 404 (Not Found)
BROWSER: Failed to load resource: the server responded with a status of 404 (Not Found)
BROWSER: Failed to load resource: the server responded with a status of 404 (Not Found)
BROWSER: Failed to load resource: the server responded with a status of 404 (Not Found)
BROWSER: Failed to load resource: the server responded with a status of 404 (Not Found)
BROWSER: Failed to load resource: the server responded with a status of 404 (Not Found)
BROWSER: Failed to load resource: the server responded with a status of 404 (Not Found)
BROWSER: Failed to load resource: the server responded with a status of 404 (Not Found)
BROWSER: Failed to load resource: the server responded with a status of 404 (Not Found)
BROWSER: Failed to load resource: the server responded with a status of 404 (Not Found)
BROWSER: Failed to load resource: the server responded with a status of 404 (Not Found)
BROWSER: Failed to load resource: the server responded with a status of 404 (Not Found)
BROWSER: Failed to load resource: the server responded with a status of 404 (Not Found)
BROWSER: Failed to load resource: the server responded with a status of 404 (Not Found)
BROWSER: Failed to load resource: the server responded with a status of 404 (Not Found)
BROWSER: Failed to load resource: the server responded with a status of 404 (Not Found)
BROWSER: Failed to load resource: the server responded with a status of 404 (Not Found)
BROWSER: Failed to load resource: the server responded with a status of 404 (Not Found)
BROWSER: Failed to load resource: the server responded with a status of 404 (Not Found)
BROWSER: Failed to load resource: the server responded with a status of 404 (Not Found)
BROWSER: Failed to load resource: the server responded with a status of 404 (Not Found)
BROWSER: Failed to load resource: the server responded with a status of 404 (Not Found)
BROWSER: Failed to load resource: the server responded with a status of 404 (Not Found)
BROWSER: Failed to load resource: the server responded with a status of 404 (Not Found)
BROWSER: Failed to load resource: the server responded with a status of 404 (Not Found)
BROWSER: Failed to load resource: the server responded with a status of 404 (Not Found)
BROWSER: Failed to load resource: the server responded with a status of 404 (Not Found)
BROWSER: Failed to load resource: the server responded with a status of 404 (Not Found)
BROWSER: Failed to load resource: the server responded with a status of 404 (Not Found)
BROWSER: Failed to load resource: the server responded with a status of 404 (Not Found)
BROWSER: Failed to load resource: the server responded with a status of 404 (Not Found)
BROWSER: Failed to load resource: the server responded with a status of 404 (Not Found)
BROWSER: Failed to load resource: the server responded with a status of 404 (Not Found)
BROWSER: Failed to load resource: the server responded with a status of 404 (Not Found)
BROWSER: Failed to load resource: the server responded with a status of 404 (Not Found)
BROWSER: Failed to load resource: the server responded with a status of 404 (Not Found)
BROWSER: Failed to load resource: the server responded with a status of 404 (Not Found)
BROWSER: Failed to load resource: the server responded with a status of 404 (Not Found)
BROWSER: Failed to load resource: the server responded with a status of 404 (Not Found)
BROWSER: Failed to load resource: the server responded with a status of 404 (Not Found)
BROWSER: Failed to load resource: the server responded with a status of 404 (Not Found)
BROWSER: Failed to load resource: the server responded with a status of 404 (Not Found)
BROWSER: Failed to load resource: the server responded with a status of 404 (Not Found)
BROWSER: Failed to load resource: the server responded with a status of 404 (Not Found)
BROWSER: Failed to load resource: the server responded with a status of 404 (Not Found)
BROWSER: Failed to load resource: the server responded with a status of 404 (Not Found)
BROWSER: Failed to load resource: the server responded with a status of 404 (Not Found)
BROWSER: Failed to load resource: the server responded with a status of 404 (Not Found)
BROWSER: Failed to load resource: the server responded with a status of 404 (Not Found)
BROWSER: Failed to load resource: the server responded with a status of 404 (Not Found)
BROWSER: Failed to load resource: the server responded with a status of 404 (Not Found)
BROWSER: Failed to load resource: the server responded with a status of 404 (Not Found)
BROWSER: Failed to load resource: the server responded with a status of 404 (Not Found)
BROWSER: Failed to load resource: the server responded with a status of 404 (Not Found)
BROWSER: Failed to load resource: the server responded with a status of 404 (Not Found)
BROWSER: Failed to load resource: the server responded with a status of 404 (Not Found)
BROWSER: Failed to load resource: the server responded with a status of 404 (Not Found)
BROWSER: Failed to load resource: the server responded with a status of 404 (Not Found)
BROWSER: Failed to load resource: the server responded with a status of 404 (Not Found)
BROWSER: Failed to load resource: the server responded with a status of 404 (Not Found)
BROWSER: Failed to load resource: the server responded with a status of 404 (Not Found)
BROWSER: Failed to load resource: the server responded with a status of 404 (Not Found)
BROWSER: Failed to load resource: the server responded with a status of 404 (Not Found)
BROWSER: Failed to load resource: the server responded with a status of 404 (Not Found)
BROWSER: Failed to load resource: the server responded with a status of 404 (Not Found)
BROWSER: Failed to load resource: the server responded with a status of 404 (Not Found)
BROWSER: Failed to load resource: the server responded with a status of 404 (Not Found)
BROWSER: Failed to load resource: the server responded with a status of 404 (Not Found)
BROWSER: Failed to load resource: the server responded with a status of 404 (Not Found)
BROWSER: Failed to load resource: the server responded with a status of 404 (Not Found)
BROWSER: Failed to load resource: the server responded with a status of 404 (Not Found)
BROWSER: Failed to load resource: the server responded with a status of 404 (Not Found)
BROWSER: Failed to load resource: the server responded with a status of 404 (Not Found)
BROWSER: Failed to load resource: the server responded with a status of 404 (Not Found)
BROWSER: Failed to load resource: the server responded with a status of 404 (Not Found)
BROWSER: Failed to load resource: the server responded with a status of 404 (Not Found)
BROWSER: Failed to load resource: the server responded with a status of 404 (Not Found)
BROWSER: Failed to load resource: the server responded with a status of 404 (Not Found)
BROWSER: Failed to load resource: the server responded with a status of 404 (Not Found)
BROWSER: Failed to load resource: the server responded with a status of 404 (Not Found)
BROWSER: Failed to load resource: the server responded with a status of 404 (Not Found)
BROWSER: Failed to load resource: the server responded with a status of 404 (Not Found)
BROWSER: Failed to load resource: the server responded with a status of 404 (Not Found)
BROWSER: Failed to load resource: the server responded with a status of 404 (Not Found)
BROWSER: Failed to load resource: the server responded with a status of 404 (Not Found)
BROWSER: Failed to load resource: the server responded with a status of 404 (Not Found)
BROWSER: Failed to load resource: the server responded with a status of 404 (Not Found)
BROWSER: Failed to load resource: the server responded with a status of 404 (Not Found)
BROWSER: Failed to load resource: the server responded with a status of 404 (Not Found)
BROWSER: Failed to load resource: the server responded with a status of 404 (Not Found)
BROWSER: Failed to load resource: the server responded with a status of 404 (Not Found)
BROWSER: Failed to load resource: the server responded with a status of 404 (Not Found)
BROWSER: Failed to load resource: the server responded with a status of 404 (Not Found)
BROWSER: Failed to load resource: the server responded with a status of 404 (Not Found)
BROWSER: Failed to load resource: the server responded with a status of 404 (Not Found)
BROWSER: Failed to load resource: the server responded with a status of 404 (Not Found)
BROWSER: Failed to load resource: the server responded with a status of 404 (Not Found)
BROWSER: Failed to load resource: the server responded with a status of 404 (Not Found)
BROWSER: Failed to load resource: the server responded with a status of 404 (Not Found)
BROWSER: Failed to load resource: the server responded with a status of 404 (Not Found)
BROWSER: Failed to load resource: the server responded with a status of 404 (Not Found)
BROWSER: Failed to load resource: the server responded with a status of 404 (Not Found)
BROWSER: Failed to load resource: the server responded with a status of 404 (Not Found)
BROWSER: Failed to load resource: the server responded with a status of 404 (Not Found)
BROWSER: Failed to load resource: the server responded with a status of 404 (Not Found)
BROWSER: Failed to load resource: the server responded with a status of 404 (Not Found)
BROWSER: Failed to load resource: the server responded with a status of 404 (Not Found)
BROWSER: Failed to load resource: the server responded with a status of 404 (Not Found)
BROWSER: Failed to load resource: the server responded with a status of 404 (Not Found)
BROWSER: Failed to load resource: the server responded with a status of 404 (Not Found)
BROWSER: Failed to load resource: the server responded with a status of 404 (Not Found)
BROWSER: Failed to load resource: the server responded with a status of 404 (Not Found)
BROWSER: Failed to load resource: the server responded with a status of 404 (Not Found)
BROWSER: Failed to load resource: the server responded with a status of 404 (Not Found)
BROWSER: Failed to load resource: the server responded with a status of 404 (Not Found)
BROWSER: Failed to load resource: the server responded with a status of 404 (Not Found)
BROWSER: Failed to load resource: the server responded with a status of 404 (Not Found)
BROWSER: Failed to load resource: the server responded with a status of 404 (Not Found)
BROWSER: Failed to load resource: the server responded with a status of 404 (Not Found)
BROWSER: Failed to load resource: the server responded with a status of 404 (Not Found)
BROWSER: Failed to load resource: the server responded with a status of 404 (Not Found)
BROWSER: Failed to load resource: the server responded with a status of 404 (Not Found)
BROWSER: Failed to load resource: the server responded with a status of 404 (Not Found)
BROWSER: Failed to load resource: the server responded with a status of 404 (Not Found)
BROWSER: Failed to load resource: the server responded with a status of 404 (Not Found)
BROWSER: Failed to load resource: the server responded with a status of 404 (Not Found)
BROWSER: Failed to load resource: the server responded with a status of 404 (Not Found)
BROWSER: Failed to load resource: the server responded with a status of 404 (Not Found)
BROWSER: Failed to load resource: the server responded with a status of 404 (Not Found)
BROWSER: Failed to load resource: the server responded with a status of 404 (Not Found)
BROWSER: Failed to load resource: the server responded with a status of 404 (Not Found)
BROWSER: Failed to load resource: the server responded with a status of 404 (Not Found)
BROWSER: Failed to load resource: the server responded with a status of 404 (Not Found)
BROWSER: Failed to load resource: the server responded with a status of 404 (Not Found)
BROWSER: Failed to load resource: the server responded with a status of 404 (Not Found)
BROWSER: Failed to load resource: the server responded with a status of 404 (Not Found)
BROWSER: Failed to load resource: the server responded with a status of 404 (Not Found)
BROWSER: Failed to load resource: the server responded with a status of 404 (Not Found)
BROWSER: Failed to load resource: the server responded with a status of 404 (Not Found)
BROWSER: Failed to load resource: the server responded with a status of 404 (Not Found)
BROWSER: Failed to load resource: the server responded with a status of 404 (Not Found)
BROWSER: Failed to load resource: the server responded with a status of 404 (Not Found)
BROWSER: Failed to load resource: the server responded with a status of 404 (Not Found)
BROWSER: Failed to load resource: the server responded with a status of 404 (Not Found)
BROWSER: Failed to load resource: the server responded with a status of 404 (Not Found)
BROWSER: Failed to load resource: the server responded with a status of 404 (Not Found)
BROWSER: Failed to load resource: the server responded with a status of 404 (Not Found)
BROWSER: Failed to load resource: the server responded with a status of 404 (Not Found)
BROWSER: Failed to load resource: the server responded with a status of 404 (Not Found)
BROWSER: Failed to load resource: the server responded with a status of 404 (Not Found)
BROWSER: Failed to load resource: the server responded with a status of 404 (Not Found)
BROWSER: Failed to load resource: the server responded with a status of 404 (Not Found)
BROWSER: Failed to load resource: the server responded with a status of 404 (Not Found)
BROWSER: Failed to load resource: the server responded with a status of 404 (Not Found)
BROWSER: Failed to load resource: the server responded with a status of 404 (Not Found)
BROWSER: Failed to load resource: the server responded with a status of 404 (Not Found)
BROWSER: Failed to load resource: the server responded with a status of 404 (Not Found)
BROWSER: Failed to load resource: the server responded with a status of 404 (Not Found)
BROWSER: Failed to load resource: the server responded with a status of 404 (Not Found)
BROWSER: Failed to load resource: the server responded with a status of 404 (Not Found)
BROWSER: Failed to load resource: the server responded with a status of 404 (Not Found)
BROWSER: Failed to load resource: the server responded with a status of 404 (Not Found)
BROWSER: Failed to load resource: the server responded with a status of 404 (Not Found)
BROWSER: Failed to load resource: the server responded with a status of 404 (Not Found)
BROWSER: Failed to load resource: the server responded with a status of 404 (Not Found)
BROWSER: Failed to load resource: the server responded with a status of 404 (Not Found)
BROWSER: Failed to load resource: the server responded with a status of 404 (Not Found)
BROWSER: Failed to load resource: the server responded with a status of 404 (Not Found)
BROWSER: Failed to load resource: the server responded with a status of 404 (Not Found)
BROWSER: Failed to load resource: the server responded with a status of 404 (Not Found)
BROWSER: Failed to load resource: the server responded with a status of 404 (Not Found)
BROWSER: Failed to load resource: the server responded with a status of 404 (Not Found)
BROWSER: Failed to load resource: the server responded with a status of 404 (Not Found)
BROWSER: Failed to load resource: the server responded with a status of 404 (Not Found)
BROWSER: Failed to load resource: the server responded with a status of 404 (Not Found)
BROWSER: Failed to load resource: the server responded with a status of 404 (Not Found)
BROWSER: Failed to load resource: the server responded with a status of 404 (Not Found)
BROWSER: Failed to load resource: the server responded with a status of 404 (Not Found)
BROWSER: Failed to load resource: the server responded with a status of 404 (Not Found)
BROWSER: Failed to load resource: the server responded with a status of 404 (Not Found)
BROWSER: Failed to load resource: the server responded with a status of 404 (Not Found)
BROWSER: Failed to load resource: the server responded with a status of 404 (Not Found)
BROWSER: Failed to load resource: the server responded with a status of 404 (Not Found)
BROWSER: Failed to load resource: the server responded with a status of 404 (Not Found)
BROWSER: Failed to load resource: the server responded with a status of 404 (Not Found)
BROWSER: Failed to load resource: the server responded with a status of 404 (Not Found)
BROWSER: Failed to load resource: the server responded with a status of 404 (Not Found)
BROWSER: Failed to load resource: the server responded with a status of 404 (Not Found)
BROWSER: Failed to load resource: the server responded with a status of 404 (Not Found)
BROWSER: Failed to load resource: the server responded with a status of 404 (Not Found)
BROWSER: Failed to load resource: the server responded with a status of 404 (Not Found)
BROWSER: Failed to load resource: the server responded with a status of 404 (Not Found)
BROWSER: Failed to load resource: the server responded with a status of 404 (Not Found)
BROWSER: Failed to load resource: the server responded with a status of 404 (Not Found)
BROWSER: Failed to load resource: the server responded with a status of 404 (Not Found)
BROWSER: Failed to load resource: the server responded with a status of 404 (Not Found)
BROWSER: Failed to load resource: the server responded with a status of 404 (Not Found)
BROWSER: Failed to load resource: the server responded with a status of 404 (Not Found)
BROWSER: Failed to load resource: the server responded with a status of 404 (Not Found)
BROWSER: Failed to load resource: the server responded with a status of 404 (Not Found)
BROWSER: Failed to load resource: the server responded with a status of 404 (Not Found)
BROWSER: Failed to load resource: the server responded with a status of 404 (Not Found)
BROWSER: Failed to load resource: the server responded with a status of 404 (Not Found)
BROWSER: Failed to load resource: the server responded with a status of 404 (Not Found)
BROWSER: Failed to load resource: the server responded with a status of 404 (Not Found)
BROWSER: Failed to load resource: the server responded with a status of 404 (Not Found)
BROWSER: Failed to load resource: the server responded with a status of 404 (Not Found)
BROWSER: Failed to load resource: the server responded with a status of 404 (Not Found)
BROWSER: Failed to load resource: the server responded with a status of 404 (Not Found)
BROWSER: Failed to load resource: the server responded with a status of 404 (Not Found)
BROWSER: Failed to load resource: the server responded with a status of 404 (Not Found)
BROWSER: Failed to load resource: the server responded with a status of 404 (Not Found)
BROWSER: Failed to load resource: the server responded with a status of 404 (Not Found)
BROWSER: Failed to load resource: the server responded with a status of 404 (Not Found)
BROWSER: Failed to load resource: the server responded with a status of 404 (Not Found)
BROWSER: Failed to load resource: the server responded with a status of 404 (Not Found)
BROWSER: Failed to load resource: the server responded with a status of 404 (Not Found)
BROWSER: Failed to load resource: the server responded with a status of 404 (Not Found)
BROWSER: Failed to load resource: the server responded with a status of 404 (Not Found)
BROWSER: Failed to load resource: the server responded with a status of 404 (Not Found)
BROWSER: Failed to load resource: the server responded with a status of 404 (Not Found)
BROWSER: Failed to load resource: the server responded with a status of 404 (Not Found)
BROWSER: Failed to load resource: the server responded with a status of 404 (Not Found)
BROWSER: Failed to load resource: the server responded with a status of 404 (Not Found)
BROWSER: Failed to load resource: the server responded with a status of 404 (Not Found)
BROWSER: Failed to load resource: the server responded with a status of 404 (Not Found)
BROWSER: Failed to load resource: the server responded with a status of 404 (Not Found)
BROWSER: Failed to load resource: the server responded with a status of 404 (Not Found)
BROWSER: Failed to load resource: the server responded with a status of 404 (Not Found)
BROWSER: Failed to load resource: the server responded with a status of 404 (Not Found)
BROWSER: Failed to load resource: the server responded with a status of 404 (Not Found)
BROWSER: Failed to load resource: the server responded with a status of 404 (Not Found)
BROWSER: Failed to load resource: the server responded with a status of 404 (Not Found)
BROWSER: Failed to load resource: the server responded with a status of 404 (Not Found)
BROWSER: Failed to load resource: the server responded with a status of 404 (Not Found)
BROWSER: Failed to load resource: the server responded with a status of 404 (Not Found)
BROWSER: Failed to load resource: the server responded with a status of 404 (Not Found)
BROWSER: Failed to load resource: the server responded with a status of 404 (Not Found)
BROWSER: Failed to load resource: the server responded with a status of 404 (Not Found)
BROWSER: Failed to load resource: the server responded with a status of 404 (Not Found)
BROWSER: Failed to load resource: the server responded with a status of 404 (Not Found)
BROWSER: Failed to load resource: the server responded with a status of 404 (Not Found)
BROWSER: Failed to load resource: the server responded with a status of 404 (Not Found)
BROWSER: Failed to load resource: the server responded with a status of 404 (Not Found)
BROWSER: Failed to load resource: the server responded with a status of 404 (Not Found)
BROWSER: Failed to load resource: the server responded with a status of 404 (Not Found)
BROWSER: Failed to load resource: the server responded with a status of 404 (Not Found)
BROWSER: Failed to load resource: the server responded with a status of 404 (Not Found)
BROWSER: Failed to load resource: the server responded with a status of 404 (Not Found)
BROWSER: Failed to load resource: the server responded with a status of 404 (Not Found)
BROWSER: Failed to load resource: the server responded with a status of 404 (Not Found)
BROWSER: Failed to load resource: the server responded with a status of 404 (Not Found)
BROWSER: Failed to load resource: the server responded with a status of 404 (Not Found)
BROWSER: Failed to load resource: the server responded with a status of 404 (Not Found)
BROWSER: Failed to load resource: the server responded with a status of 404 (Not Found)
BROWSER: Failed to load resource: the server responded with a status of 404 (Not Found)
BROWSER: Failed to load resource: the server responded with a status of 404 (Not Found)
BROWSER: Failed to load resource: the server responded with a status of 404 (Not Found)
BROWSER: Failed to load resource: the server responded with a status of 404 (Not Found)
BROWSER: Failed to load resource: the server responded with a status of 404 (Not Found)
BROWSER: Failed to load resource: the server responded with a status of 404 (Not Found)
BROWSER: Failed to load resource: the server responded with a status of 404 (Not Found)
BROWSER: Failed to load resource: the server responded with a status of 404 (Not Found)
BROWSER: Failed to load resource: the server responded with a status of 404 (Not Found)
BROWSER: Failed to load resource: the server responded with a status of 404 (Not Found)
BROWSER: Failed to load resource: the server responded with a status of 404 (Not Found)
BROWSER: Failed to load resource: the server responded with a status of 404 (Not Found)
BROWSER: Failed to load resource: the server responded with a status of 404 (Not Found)
BROWSER: Failed to load resource: the server responded with a status of 404 (Not Found)
BROWSER: Failed to load resource: the server responded with a status of 404 (Not Found)
BROWSER: Failed to load resource: the server responded with a status of 404 (Not Found)
BROWSER: Failed to load resource: the server responded with a status of 404 (Not Found)
BROWSER: Failed to load resource: the server responded with a status of 404 (Not Found)
BROWSER: Failed to load resource: the server responded with a status of 404 (Not Found)
BROWSER: Failed to load resource: the server responded with a status of 404 (Not Found)
BROWSER: Failed to load resource: the server responded with a status of 404 (Not Found)
BROWSER: Failed to load resource: the server responded with a status of 404 (Not Found)
BROWSER: Failed to load resource: the server responded with a status of 404 (Not Found)
BROWSER: Failed to load resource: the server responded with a status of 404 (Not Found)
BROWSER: Failed to load resource: the server responded with a status of 404 (Not Found)
BROWSER: Failed to load resource: the server responded with a status of 404 (Not Found)
BROWSER: Failed to load resource: the server responded with a status of 404 (Not Found)
BROWSER: Failed to load resource: the server responded with a status of 404 (Not Found)
BROWSER: Failed to load resource: the server responded with a status of 404 (Not Found)
BROWSER: Failed to load resource: the server responded with a status of 404 (Not Found)
BROWSER: Failed to load resource: the server responded with a status of 404 (Not Found)
BROWSER: Failed to load resource: the server responded with a status of 404 (Not Found)
BROWSER: Failed to load resource: the server responded with a status of 404 (Not Found)
BROWSER: Failed to load resource: the server responded with a status of 404 (Not Found)
BROWSER: Failed to load resource: the server responded with a status of 404 (Not Found)
BROWSER: Failed to load resource: the server responded with a status of 404 (Not Found)
BROWSER: Failed to load resource: the server responded with a status of 404 (Not Found)
BROWSER: Failed to load resource: the server responded with a status of 404 (Not Found)
BROWSER: Failed to load resource: the server responded with a status of 404 (Not Found)
BROWSER: Failed to load resource: the server responded with a status of 404 (Not Found)
BROWSER: Failed to load resource: the server responded with a status of 404 (Not Found)
BROWSER: Failed to load resource: the server responded with a status of 404 (Not Found)
BROWSER: Failed to load resource: the server responded with a status of 404 (Not Found)
BROWSER: Failed to load resource: the server responded with a status of 404 (Not Found)
BROWSER: Failed to load resource: the server responded with a status of 404 (Not Found)
BROWSER: Failed to load resource: the server responded with a status of 404 (Not Found)
BROWSER: Failed to load resource: the server responded with a status of 404 (Not Found)
BROWSER: Failed to load resource: the server responded with a status of 404 (Not Found)
BROWSER: Failed to load resource: the server responded with a status of 404 (Not Found)
BROWSER: Failed to load resource: the server responded with a status of 404 (Not Found)
BROWSER: Failed to load resource: the server responded with a status of 404 (Not Found)
BROWSER: Failed to load resource: the server responded with a status of 404 (Not Found)
BROWSER: Failed to load resource: the server responded with a status of 404 (Not Found)
BROWSER: Failed to load resource: the server responded with a status of 404 (Not Found)
BROWSER: Failed to load resource: the server responded with a status of 404 (Not Found)
BROWSER: Failed to load resource: the server responded with a status of 404 (Not Found)
BROWSER: Failed to load resource: the server responded with a status of 404 (Not Found)
BROWSER: Failed to load resource: the server responded with a status of 404 (Not Found)
BROWSER: Failed to load resource: the server responded with a status of 404 (Not Found)
BROWSER: Failed to load resource: the server responded with a status of 404 (Not Found)
BROWSER: Failed to load resource: the server responded with a status of 404 (Not Found)
BROWSER: Failed to load resource: the server responded with a status of 404 (Not Found)
BROWSER: Failed to load resource: the server responded with a status of 404 (Not Found)
BROWSER: Failed to load resource: the server responded with a status of 404 (Not Found)
BROWSER: Failed to load resource: the server responded with a status of 404 (Not Found)
BROWSER: Failed to load resource: the server responded with a status of 404 (Not Found)
BROWSER: Failed to load resource: the server responded with a status of 404 (Not Found)
BROWSER: Failed to load resource: the server responded with a status of 404 (Not Found)
BROWSER: Failed to load resource: the server responded with a status of 404 (Not Found)
BROWSER: Failed to load resource: the server responded with a status of 404 (Not Found)
BROWSER: Failed to load resource: the server responded with a status of 404 (Not Found)
BROWSER: Failed to load resource: the server responded with a status of 404 (Not Found)
BROWSER: Failed to load resource: the server responded with a status of 404 (Not Found)
BROWSER: Failed to load resource: the server responded with a status of 404 (Not Found)
BROWSER: Failed to load resource: the server responded with a status of 404 (Not Found)
BROWSER: Failed to load resource: the server responded with a status of 404 (Not Found)
BROWSER: Failed to load resource: the server responded with a status of 404 (Not Found)
BROWSER: Failed to load resource: the server responded with a status of 404 (Not Found)
BROWSER: Failed to load resource: the server responded with a status of 404 (Not Found)
BROWSER: Failed to load resource: the server responded with a status of 404 (Not Found)
BROWSER: Failed to load resource: the server responded with a status of 404 (Not Found)
BROWSER: Failed to load resource: the server responded with a status of 404 (Not Found)
BROWSER: Failed to load resource: the server responded with a status of 404 (Not Found)
BROWSER: Failed to load resource: the server responded with a status of 404 (Not Found)
BROWSER: Failed to load resource: the server responded with a status of 404 (Not Found)
BROWSER: Failed to load resource: the server responded with a status of 404 (Not Found)
BROWSER: Failed to load resource: the server responded with a status of 404 (Not Found)
BROWSER: Failed to load resource: the server responded with a status of 404 (Not Found)
BROWSER: Failed to load resource: the server responded with a status of 404 (Not Found)
BROWSER: Failed to load resource: the server responded with a status of 404 (Not Found)
BROWSER: Failed to load resource: the server responded with a status of 404 (Not Found)
BROWSER: Failed to load resource: the server responded with a status of 404 (Not Found)
BROWSER: Failed to load resource: the server responded with a status of 404 (Not Found)
BROWSER: Failed to load resource: the server responded with a status of 404 (Not Found)
BROWSER: Failed to load resource: the server responded with a status of 404 (Not Found)
BROWSER: Failed to load resource: the server responded with a status of 404 (Not Found)
BROWSER: Failed to load resource: the server responded with a status of 404 (Not Found)
BROWSER: Failed to load resource: the server responded with a status of 404 (Not Found)
BROWSER: Failed to load resource: the server responded with a status of 404 (Not Found)
BROWSER: Failed to load resource: the server responded with a status of 404 (Not Found)
BROWSER: Failed to load resource: the server responded with a status of 404 (Not Found)
BROWSER: Failed to load resource: the server responded with a status of 404 (Not Found)
BROWSER: Failed to load resource: the server responded with a status of 404 (Not Found)
BROWSER: Failed to load resource: the server responded with a status of 404 (Not Found)
BROWSER: Failed to load resource: the server responded with a status of 404 (Not Found)
BROWSER: Failed to load resource: the server responded with a status of 404 (Not Found)
BROWSER: Failed to load resource: the server responded with a status of 404 (Not Found)
BROWSER: Failed to load resource: the server responded with a status of 404 (Not Found)
BROWSER: Failed to load resource: the server responded with a status of 404 (Not Found)
BROWSER: Failed to load resource: the server responded with a status of 404 (Not Found)
BROWSER: Failed to load resource: the server responded with a status of 404 (Not Found)
BROWSER: Failed to load resource: the server responded with a status of 404 (Not Found)
BROWSER: Failed to load resource: the server responded with a status of 404 (Not Found)
BROWSER: Failed to load resource: the server responded with a status of 404 (Not Found)
BROWSER: Failed to load resource: the server responded with a status of 404 (Not Found)
BROWSER: Failed to load resource: the server responded with a status of 404 (Not Found)
BROWSER: Failed to load resource: the server responded with a status of 404 (Not Found)
BROWSER: Failed to load resource: the server responded with a status of 404 (Not Found)
BROWSER: Failed to load resource: the server responded with a status of 404 (Not Found)
BROWSER: Failed to load resource: the server responded with a status of 404 (Not Found)
BROWSER: Failed to load resource: the server responded with a status of 404 (Not Found)
BROWSER: Failed to load resource: the server responded with a status of 404 (Not Found)
BROWSER: Failed to load resource: the server responded with a status of 404 (Not Found)
BROWSER: Failed to load resource: the server responded with a status of 404 (Not Found)
BROWSER: Failed to load resource: the server responded with a status of 404 (Not Found)
BROWSER: Failed to load resource: the server responded with a status of 404 (Not Found)
BROWSER: Failed to load resource: the server responded with a status of 404 (Not Found)
BROWSER: Failed to load resource: the server responded with a status of 404 (Not Found)
BROWSER: Failed to load resource: the server responded with a status of 404 (Not Found)
BROWSER: Failed to load resource: the server responded with a status of 404 (Not Found)
BROWSER: Failed to load resource: the server responded with a status of 404 (Not Found)
BROWSER: Failed to load resource: the server responded with a status of 404 (Not Found)
BROWSER: Failed to load resource: the server responded with a status of 404 (Not Found)
BROWSER: Failed to load resource: the server responded with a status of 404 (Not Found)
BROWSER: Failed to load resource: the server responded with a status of 404 (Not Found)
BROWSER: Failed to load resource: the server responded with a status of 404 (Not Found)
BROWSER: Failed to load resource: the server responded with a status of 404 (Not Found)
BROWSER: Failed to load resource: the server responded with a status of 404 (Not Found)
BROWSER: Failed to load resource: the server responded with a status of 404 (Not Found)
BROWSER: Failed to load resource: the server responded with a status of 404 (Not Found)
BROWSER: Failed to load resource: the server responded with a status of 404 (Not Found)
BROWSER: Failed to load resource: the server responded with a status of 404 (Not Found)
BROWSER: Failed to load resource: the server responded with a status of 404 (Not Found)
BROWSER: Failed to load resource: the server responded with a status of 404 (Not Found)
BROWSER: Failed to load resource: the server responded with a status of 404 (Not Found)
BROWSER: Failed to load resource: the server responded with a status of 404 (Not Found)
BROWSER: Failed to load resource: the server responded with a status of 404 (Not Found)
BROWSER: Failed to load resource: the server responded with a status of 404 (Not Found)
BROWSER: Failed to load resource: the server responded with a status of 404 (Not Found)
BROWSER: Failed to load resource: the server responded with a status of 404 (Not Found)
BROWSER: Failed to load resource: the server responded with a status of 404 (Not Found)
BROWSER: Failed to load resource: the server responded with a status of 404 (Not Found)
BROWSER: Failed to load resource: the server responded with a status of 404 (Not Found)
BROWSER: Failed to load resource: the server responded with a status of 404 (Not Found)
BROWSER: Failed to load resource: the server responded with a status of 404 (Not Found)
BROWSER: Failed to load resource: the server responded with a status of 404 (Not Found)
BROWSER: Failed to load resource: the server responded with a status of 404 (Not Found)
BROWSER: Failed to load resource: the server responded with a status of 404 (Not Found)
BROWSER: Failed to load resource: the server responded with a status of 404 (Not Found)
BROWSER: Failed to load resource: the server responded with a status of 404 (Not Found)
BROWSER: Failed to load resource: the server responded with a status of 404 (Not Found)
BROWSER: Failed to load resource: the server responded with a status of 404 (Not Found)
BROWSER: Failed to load resource: the server responded with a status of 404 (Not Found)
BROWSER: Failed to load resource: the server responded with a status of 404 (Not Found)
BROWSER: Failed to load resource: the server responded with a status of 404 (Not Found)
BROWSER: Failed to load resource: the server responded with a status of 404 (Not Found)
BROWSER: Failed to load resource: the server responded with a status of 404 (Not Found)
BROWSER: Failed to load resource: the server responded with a status of 404 (Not Found)
BROWSER: Failed to load resource: the server responded with a status of 404 (Not Found)
BROWSER: Failed to load resource: the server responded with a status of 404 (Not Found)
BROWSER: Failed to load resource: the server responded with a status of 404 (Not Found)
BROWSER: Failed to load resource: the server responded with a status of 404 (Not Found)
BROWSER: Failed to load resource: the server responded with a status of 404 (Not Found)
BROWSER: Failed to load resource: the server responded with a status of 404 (Not Found)
BROWSER: Failed to load resource: the server responded with a status of 404 (Not Found)
BROWSER: Failed to load resource: the server responded with a status of 404 (Not Found)
BROWSER: Failed to load resource: the server responded with a status of 404 (Not Found)
BROWSER: Failed to load resource: the server responded with a status of 404 (Not Found)
BROWSER: Failed to load resource: the server responded with a status of 404 (Not Found)
BROWSER: Failed to load resource: the server responded with a status of 404 (Not Found)
BROWSER: Failed to load resource: the server responded with a status of 404 (Not Found)
BROWSER: Failed to load resource: the server responded with a status of 404 (Not Found)
BROWSER: Failed to load resource: the server responded with a status of 404 (Not Found)
BROWSER: Failed to load resource: the server responded with a status of 404 (Not Found)
BROWSER: Failed to load resource: the server responded with a status of 404 (Not Found)
BROWSER: Failed to load resource: the server responded with a status of 404 (Not Found)
BROWSER: Failed to load resource: the server responded with a status of 404 (Not Found)
BROWSER: Failed to load resource: the server responded with a status of 404 (Not Found)
BROWSER: Failed to load resource: the server responded with a status of 404 (Not Found)
BROWSER: Failed to load resource: the server responded with a status of 404 (Not Found)
BROWSER: Failed to load resource: the server responded with a status of 404 (Not Found)
BROWSER: Failed to load resource: the server responded with a status of 404 (Not Found)
BROWSER: Failed to load resource: the server responded with a status of 404 (Not Found)
BROWSER: Failed to load resource: the server responded with a status of 404 (Not Found)
BROWSER: Failed to load resource: the server responded with a status of 404 (Not Found)
BROWSER: Failed to load resource: the server responded with a status of 404 (Not Found)
BROWSER: Failed to load resource: the server responded with a status of 404 (Not Found)
BROWSER: Failed to load resource: the server responded with a status of 404 (Not Found)
BROWSER: Failed to load resource: the server responded with a status of 404 (Not Found)
BROWSER: Failed to load resource: the server responded with a status of 404 (Not Found)
BROWSER: Failed to load resource: the server responded with a status of 404 (Not Found)
BROWSER: Failed to load resource: the server responded with a status of 404 (Not Found)
BROWSER: Failed to load resource: the server responded with a status of 404 (Not Found)
BROWSER: Failed to load resource: the server responded with a status of 404 (Not Found)
BROWSER: Failed to load resource: the server responded with a status of 404 (Not Found)
BROWSER: Failed to load resource: the server responded with a status of 404 (Not Found)
BROWSER: Failed to load resource: the server responded with a status of 404 (Not Found)
BROWSER: Failed to load resource: the server responded with a status of 404 (Not Found)
BROWSER: Failed to load resource: the server responded with a status of 404 (Not Found)
BROWSER: Failed to load resource: the server responded with a status of 404 (Not Found)
BROWSER: Failed to load resource: the server responded with a status of 404 (Not Found)
BROWSER: Failed to load resource: the server responded with a status of 404 (Not Found)
BROWSER: Failed to load resource: the server responded with a status of 404 (Not Found)
BROWSER: Failed to load resource: the server responded with a status of 404 (Not Found)
BROWSER: Failed to load resource: the server responded with a status of 404 (Not Found)
BROWSER: Failed to load resource: the server responded with a status of 404 (Not Found)
BROWSER: Failed to load resource: the server responded with a status of 404 (Not Found)
BROWSER: Failed to load resource: the server responded with a status of 404 (Not Found)
BROWSER: Failed to load resource: the server responded with a status of 404 (Not Found)
BROWSER: Failed to load resource: the server responded with a status of 404 (Not Found)
BROWSER: Failed to load resource: the server responded with a status of 404 (Not Found)
BROWSER: Failed to load resource: the server responded with a status of 404 (Not Found)
BROWSER: Failed to load resource: the server responded with a status of 404 (Not Found)
BROWSER: Failed to load resource: the server responded with a status of 404 (Not Found)
BROWSER: Failed to load resource: the server responded with a status of 404 (Not Found)
BROWSER: Failed to load resource: the server responded with a status of 404 (Not Found)
BROWSER: Failed to load resource: the server responded with a status of 404 (Not Found)
BROWSER: Failed to load resource: the server responded with a status of 404 (Not Found)
BROWSER: Failed to load resource: the server responded with a status of 404 (Not Found)
BROWSER: Failed to load resource: the server responded with a status of 404 (Not Found)
BROWSER: Failed to load resource: the server responded with a status of 404 (Not Found)
BROWSER: Failed to load resource: the server responded with a status of 404 (Not Found)
BROWSER: Failed to load resource: the server responded with a status of 404 (Not Found)
BROWSER: Failed to load resource: the server responded with a status of 404 (Not Found)
BROWSER: Failed to load resource: the server responded with a status of 404 (Not Found)
BROWSER: Failed to load resource: the server responded with a status of 404 (Not Found)
BROWSER: Failed to load resource: the server responded with a status of 404 (Not Found)
BROWSER: Failed to load resource: the server responded with a status of 404 (Not Found)
BROWSER: Failed to load resource: the server responded with a status of 404 (Not Found)
BROWSER: Failed to load resource: the server responded with a status of 404 (Not Found)
BROWSER: Failed to load resource: the server responded with a status of 404 (Not Found)
BROWSER: Failed to load resource: the server responded with a status of 404 (Not Found)
BROWSER: Failed to load resource: the server responded with a status of 404 (Not Found)
BROWSER: Failed to load resource: the server responded with a status of 404 (Not Found)
BROWSER: Failed to load resource: the server responded with a status of 404 (Not Found)
BROWSER: Failed to load resource: the server responded with a status of 404 (Not Found)
BROWSER: Failed to load resource: the server responded with a status of 404 (Not Found)
BROWSER: Failed to load resource: the server responded with a status of 404 (Not Found)
BROWSER: Failed to load resource: the server responded with a status of 404 (Not Found)
BROWSER: Failed to load resource: the server responded with a status of 404 (Not Found)
BROWSER: Failed to load resource: the server responded with a status of 404 (Not Found)
BROWSER: Failed to load resource: the server responded with a status of 404 (Not Found)
BROWSER: Failed to load resource: the server responded with a status of 404 (Not Found)
BROWSER: Failed to load resource: the server responded with a status of 404 (Not Found)
BROWSER: Failed to load resource: the server responded with a status of 404 (Not Found)
BROWSER: Failed to load resource: the server responded with a status of 404 (Not Found)
BROWSER: Failed to load resource: the server responded with a status of 404 (Not Found)
BROWSER: Failed to load resource: the server responded with a status of 404 (Not Found)
BROWSER: Failed to load resource: the server responded with a status of 404 (Not Found)
BROWSER: Failed to load resource: the server responded with a status of 404 (Not Found)
BROWSER: Failed to load resource: the server responded with a status of 404 (Not Found)
BROWSER: Failed to load resource: the server responded with a status of 404 (Not Found)
BROWSER: Failed to load resource: the server responded with a status of 404 (Not Found)
BROWSER: Failed to load resource: the server responded with a status of 404 (Not Found)
BROWSER: Failed to load resource: the server responded with a status of 404 (Not Found)
BROWSER: Failed to load resource: the server responded with a status of 404 (Not Found)
BROWSER: Failed to load resource: the server responded with a status of 404 (Not Found)
BROWSER: Failed to load resource: the server responded with a status of 404 (Not Found)
BROWSER: Failed to load resource: the server responded with a status of 404 (Not Found)
BROWSER: Failed to load resource: the server responded with a status of 404 (Not Found)
BROWSER: Failed to load resource: the server responded with a status of 404 (Not Found)
BROWSER: Failed to load resource: the server responded with a status of 404 (Not Found)
BROWSER: Failed to load resource: the server responded with a status of 404 (Not Found)
BROWSER: Failed to load resource: the server responded with a status of 404 (Not Found)
BROWSER: Failed to load resource: the server responded with a status of 404 (Not Found)
BROWSER: Failed to load resource: the server responded with a status of 404 (Not Found)
BROWSER: Failed to load resource: the server responded with a status of 404 (Not Found)
BROWSER: Failed to load resource: the server responded with a status of 404 (Not Found)
BROWSER: Failed to load resource: the server responded with a status of 404 (Not Found)
BROWSER: Failed to load resource: the server responded with a status of 404 (Not Found)
BROWSER: Failed to load resource: the server responded with a status of 404 (Not Found)
BROWSER: Failed to load resource: the server responded with a status of 404 (Not Found)
BROWSER: Failed to load resource: the server responded with a status of 404 (Not Found)
BROWSER: Failed to load resource: the server responded with a status of 404 (Not Found)
BROWSER: Failed to load resource: the server responded with a status of 404 (Not Found)
BROWSER: Failed to load resource: the server responded with a status of 404 (Not Found)
BROWSER: Failed to load resource: the server responded with a status of 404 (Not Found)
BROWSER: Failed to load resource: the server responded with a status of 404 (Not Found)
BROWSER: Failed to load resource: the server responded with a status of 404 (Not Found)
BROWSER: Failed to load resource: the server responded with a status of 404 (Not Found)
BROWSER: Failed to load resource: the server responded with a status of 404 (Not Found)
BROWSER: Failed to load resource: the server responded with a status of 404 (Not Found)
BROWSER: Failed to load resource: the server responded with a status of 404 (Not Found)
BROWSER: Failed to load resource: the server responded with a status of 404 (Not Found)
BROWSER: Failed to load resource: the server responded with a status of 404 (Not Found)
BROWSER: Failed to load resource: the server responded with a status of 404 (Not Found)
BROWSER: Failed to load resource: the server responded with a status of 404 (Not Found)
BROWSER: Failed to load resource: the server responded with a status of 404 (Not Found)
BROWSER: Failed to load resource: the server responded with a status of 404 (Not Found)
BROWSER: Failed to load resource: the server responded with a status of 404 (Not Found)
BROWSER: Failed to load resource: the server responded with a status of 404 (Not Found)
BROWSER: Failed to load resource: the server responded with a status of 404 (Not Found)
BROWSER: Failed to load resource: the server responded with a status of 404 (Not Found)
BROWSER: Failed to load resource: the server responded with a status of 404 (Not Found)
BROWSER: Failed to load resource: the server responded with a status of 404 (Not Found)
BROWSER: Failed to load resource: the server responded with a status of 404 (Not Found)
BROWSER: Failed to load resource: the server responded with a status of 404 (Not Found)
BROWSER: Failed to load resource: the server responded with a status of 404 (Not Found)
BROWSER: Failed to load resource: the server responded with a status of 404 (Not Found)
BROWSER: Failed to load resource: the server responded with a status of 404 (Not Found)
BROWSER: Failed to load resource: the server responded with a status of 404 (Not Found)
BROWSER: Failed to load resource: the server responded with a status of 404 (Not Found)
BROWSER: Failed to load resource: the server responded with a status of 404 (Not Found)
BROWSER: Failed to load resource: the server responded with a status of 404 (Not Found)
BROWSER: Failed to load resource: the server responded with a status of 404 (Not Found)
BROWSER: Failed to load resource: the server responded with a status of 404 (Not Found)
BROWSER: Failed to load resource: the server responded with a status of 404 (Not Found)
BROWSER: Failed to load resource: the server responded with a status of 404 (Not Found)
BROWSER: Failed to load resource: the server responded with a status of 404 (Not Found)
BROWSER: Failed to load resource: the server responded with a status of 404 (Not Found)
BROWSER: Failed to load resource: the server responded with a status of 404 (Not Found)
BROWSER: Failed to load resource: the server responded with a status of 404 (Not Found)
BROWSER: Failed to load resource: the server responded with a status of 404 (Not Found)
BROWSER: Failed to load resource: the server responded with a status of 404 (Not Found)
BROWSER: Failed to load resource: the server responded with a status of 404 (Not Found)
BROWSER: Failed to load resource: the server responded with a status of 404 (Not Found)
BROWSER: Failed to load resource: the server responded with a status of 404 (Not Found)
BROWSER: Failed to load resource: the server responded with a status of 404 (Not Found)
BROWSER: Failed to load resource: the server responded with a status of 404 (Not Found)
BROWSER: Failed to load resource: the server responded with a status of 404 (Not Found)
BROWSER: Failed to load resource: the server responded with a status of 404 (Not Found)
BROWSER: Failed to load resource: the server responded with a status of 404 (Not Found)
BROWSER: Failed to load resource: the server responded with a status of 404 (Not Found)
BROWSER: Failed to load resource: the server responded with a status of 404 (Not Found)
BROWSER: Failed to load resource: the server responded with a status of 404 (Not Found)
BROWSER: Failed to load resource: the server responded with a status of 404 (Not Found)
BROWSER: Failed to load resource: the server responded with a status of 404 (Not Found)
BROWSER: Failed to load resource: the server responded with a status of 404 (Not Found)
BROWSER: Failed to load resource: the server responded with a status of 404 (Not Found)
BROWSER: Failed to load resource: the server responded with a status of 404 (Not Found)
BROWSER: Failed to load resource: the server responded with a status of 404 (Not Found)
BROWSER: Failed to load resource: the server responded with a status of 404 (Not Found)
BROWSER: Failed to load resource: the server responded with a status of 404 (Not Found)
BROWSER: Failed to load resource: the server responded with a status of 404 (Not Found)
BROWSER: Failed to load resource: the server responded with a status of 404 (Not Found)
BROWSER: Failed to load resource: the server responded with a status of 404 (Not Found)
BROWSER: Failed to load resource: the server responded with a status of 404 (Not Found)
BROWSER: Failed to load resource: the server responded with a status of 404 (Not Found)
BROWSER: Failed to load resource: the server responded with a status of 404 (Not Found)
BROWSER: Failed to load resource: the server responded with a status of 404 (Not Found)
BROWSER: Failed to load resource: the server responded with a status of 404 (Not Found)
BROWSER: Failed to load resource: the server responded with a status of 404 (Not Found)
BROWSER: Failed to load resource: the server responded with a status of 404 (Not Found)
BROWSER: Failed to load resource: the server responded with a status of 404 (Not Found)
BROWSER: Failed to load resource: the server responded with a status of 404 (Not Found)
BROWSER: Failed to load resource: the server responded with a status of 404 (Not Found)
BROWSER: Failed to load resource: the server responded with a status of 404 (Not Found)
BROWSER: Failed to load resource: the server responded with a status of 404 (Not Found)
BROWSER: Failed to load resource: the server responded with a status of 404 (Not Found)
BROWSER: Failed to load resource: the server responded with a status of 404 (Not Found)
BROWSER: Failed to load resource: the server responded with a status of 404 (Not Found)
BROWSER: Failed to load resource: the server responded with a status of 404 (Not Found)
BROWSER: Failed to load resource: the server responded with a status of 404 (Not Found)
BROWSER: Failed to load resource: the server responded with a status of 404 (Not Found)
BROWSER: Failed to load resource: the server responded with a status of 404 (Not Found)
BROWSER: Failed to load resource: the server responded with a status of 404 (Not Found)
BROWSER: Failed to load resource: the server responded with a status of 404 (Not Found)
BROWSER: Failed to load resource: the server responded with a status of 404 (Not Found)
BROWSER: Failed to load resource: the server responded with a status of 404 (Not Found)
BROWSER: Failed to load resource: the server responded with a status of 404 (Not Found)
BROWSER: Failed to load resource: the server responded with a status of 404 (Not Found)
BROWSER: Failed to load resource: the server responded with a status of 404 (Not Found)
BROWSER: Failed to load resource: the server responded with a status of 404 (Not Found)
BROWSER: Failed to load resource: the server responded with a status of 404 (Not Found)
BROWSER: Failed to load resource: the server responded with a status of 404 (Not Found)
BROWSER: Failed to load resource: the server responded with a status of 404 (Not Found)
BROWSER: Failed to load resource: the server responded with a status of 404 (Not Found)
BROWSER: Failed to load resource: the server responded with a status of 404 (Not Found)
BROWSER: Failed to load resource: the server responded with a status of 404 (Not Found)
BROWSER: Failed to load resource: the server responded with a status of 404 (Not Found)
BROWSER: Failed to load resource: the server responded with a status of 404 (Not Found)
BROWSER: Failed to load resource: the server responded with a status of 404 (Not Found)
BROWSER: Failed to load resource: the server responded with a status of 404 (Not Found)
BROWSER: Failed to load resource: the server responded with a status of 404 (Not Found)
BROWSER: Failed to load resource: the server responded with a status of 404 (Not Found)
BROWSER: Failed to load resource: the server responded with a status of 404 (Not Found)
BROWSER: Failed to load resource: the server responded with a status of 404 (Not Found)
BROWSER: Failed to load resource: the server responded with a status of 404 (Not Found)
BROWSER: Failed to load resource: the server responded with a status of 404 (Not Found)
BROWSER: Failed to load resource: the server responded with a status of 404 (Not Found)
BROWSER: Failed to load resource: the server responded with a status of 404 (Not Found)
BROWSER: Failed to load resource: the server responded with a status of 404 (Not Found)
BROWSER: Failed to load resource: the server responded with a status of 404 (Not Found)
BROWSER: Failed to load resource: the server responded with a status of 404 (Not Found)
BROWSER: Failed to load resource: the server responded with a status of 404 (Not Found)
BROWSER: Failed to load resource: the server responded with a status of 404 (Not Found)
BROWSER: Failed to load resource: the server responded with a status of 404 (Not Found)
BROWSER: Failed to load resource: the server responded with a status of 404 (Not Found)
BROWSER: Failed to load resource: the server responded with a status of 404 (Not Found)
BROWSER: Failed to load resource: the server responded with a status of 404 (Not Found)
BROWSER: Failed to load resource: the server responded with a status of 404 (Not Found)
BROWSER: Failed to load resource: the server responded with a status of 404 (Not Found)
BROWSER: Failed to load resource: the server responded with a status of 404 (Not Found)
BROWSER: Failed to load resource: the server responded with a status of 404 (Not Found)
BROWSER: Failed to load resource: the server responded with a status of 404 (Not Found)
BROWSER: Failed to load resource: the server responded with a status of 404 (Not Found)
BROWSER: Failed to load resource: the server responded with a status of 404 (Not Found)
BROWSER: Failed to load resource: the server responded with a status of 404 (Not Found)
BROWSER: Failed to load resource: the server responded with a status of 404 (Not Found)
BROWSER: Failed to load resource: the server responded with a status of 404 (Not Found)
BROWSER: Failed to load resource: the server responded with a status of 404 (Not Found)
BROWSER: Failed to load resource: the server responded with a status of 404 (Not Found)
BROWSER: Failed to load resource: the server responded with a status of 404 (Not Found)
BROWSER: Failed to load resource: the server responded with a status of 404 (Not Found)
BROWSER: Failed to load resource: the server responded with a status of 404 (Not Found)
BROWSER: Failed to load resource: the server responded with a status of 404 (Not Found)
BROWSER: Failed to load resource: the server responded with a status of 404 (Not Found)
BROWSER: Failed to load resource: the server responded with a status of 404 (Not Found)
BROWSER: Failed to load resource: the server responded with a status of 404 (Not Found)
BROWSER: Failed to load resource: the server responded with a status of 404 (Not Found)
BROWSER: Failed to load resource: the server responded with a status of 404 (Not Found)
BROWSER: Failed to load resource: the server responded with a status of 404 (Not Found)
BROWSER: Failed to load resource: the server responded with a status of 404 (Not Found)
BROWSER: Failed to load resource: the server responded with a status of 404 (Not Found)
BROWSER: Failed to load resource: the server responded with a status of 404 (Not Found)
BROWSER: Failed to load resource: the server responded with a status of 404 (Not Found)
BROWSER: Failed to load resource: the server responded with a status of 404 (Not Found)
BROWSER: Failed to load resource: the server responded with a status of 404 (Not Found)
BROWSER: Failed to load resource: the server responded with a status of 404 (Not Found)
BROWSER: Failed to load resource: the server responded with a status of 404 (Not Found)
BROWSER: Failed to load resource: the server responded with a status of 404 (Not Found)
BROWSER: Failed to load resource: the server responded with a status of 404 (Not Found)
BROWSER: Failed to load resource: the server responded with a status of 404 (Not Found)
BROWSER: Failed to load resource: the server responded with a status of 404 (Not Found)
BROWSER: Failed to load resource: the server responded with a status of 404 (Not Found)
BROWSER: Failed to load resource: the server responded with a status of 404 (Not Found)
BROWSER: Failed to load resource: the server responded with a status of 404 (Not Found)
BROWSER: Failed to load resource: the server responded with a status of 404 (Not Found)
BROWSER: Failed to load resource: the server responded with a status of 404 (Not Found)
BROWSER: Failed to load resource: the server responded with a status of 404 (Not Found)
BROWSER: Failed to load resource: the server responded with a status of 404 (Not Found)
BROWSER: Failed to load resource: the server responded with a status of 404 (Not Found)
BROWSER: Failed to load resource: the server responded with a status of 404 (Not Found)
BROWSER: Failed to load resource: the server responded with a status of 404 (Not Found)
BROWSER: Failed to load resource: the server responded with a status of 404 (Not Found)
BROWSER: Failed to load resource: the server responded with a status of 404 (Not Found)
BROWSER: Failed to load resource: the server responded with a status of 404 (Not Found)
BROWSER: Failed to load resource: the server responded with a status of 404 (Not Found)
BROWSER: Failed to load resource: the server responded with a status of 404 (Not Found)
BROWSER: Failed to load resource: the server responded with a status of 404 (Not Found)
BROWSER: Failed to load resource: the server responded with a status of 404 (Not Found)
BROWSER: Failed to load resource: the server responded with a status of 404 (Not Found)
BROWSER: Failed to load resource: the server responded with a status of 404 (Not Found)
BROWSER: Failed to load resource: the server responded with a status of 404 (Not Found)
BROWSER: Failed to load resource: the server responded with a status of 404 (Not Found)
BROWSER: Failed to load resource: the server responded with a status of 404 (Not Found)
BROWSER: Failed to load resource: the server responded with a status of 404 (Not Found)
BROWSER: Failed to load resource: the server responded with a status of 404 (Not Found)
BROWSER: Failed to load resource: the server responded with a status of 404 (Not Found)
BROWSER: Failed to load resource: the server responded with a status of 404 (Not Found)
BROWSER: Failed to load resource: the server responded with a status of 404 (Not Found)
BROWSER: Failed to load resource: the server responded with a status of 404 (Not Found)
BROWSER: Failed to load resource: the server responded with a status of 404 (Not Found)
BROWSER: Failed to load resource: the server responded with a status of 404 (Not Found)
BROWSER: Failed to load resource: the server responded with a status of 404 (Not Found)
BROWSER: Failed to load resource: the server responded with a status of 404 (Not Found)
BROWSER: Failed to load resource: the server responded with a status of 404 (Not Found)
BROWSER: Failed to load resource: the server responded with a status of 404 (Not Found)
BROWSER: Failed to load resource: the server responded with a status of 404 (Not Found)
BROWSER: Failed to load resource: the server responded with a status of 404 (Not Found)
BROWSER: Failed to load resource: the server responded with a status of 404 (Not Found)
BROWSER: Failed to load resource: the server responded with a status of 404 (Not Found)
BROWSER: Failed to load resource: the server responded with a status of 404 (Not Found)
BROWSER: Failed to load resource: the server responded with a status of 404 (Not Found)
BROWSER: Failed to load resource: the server responded with a status of 404 (Not Found)
BROWSER: Failed to load resource: the server responded with a status of 404 (Not Found)
BROWSER: Failed to load resource: the server responded with a status of 404 (Not Found)
BROWSER: Failed to load resource: the server responded with a status of 404 (Not Found)
BROWSER: Failed to load resource: the server responded with a status of 404 (Not Found)
BROWSER: Failed to load resource: the server responded with a status of 404 (Not Found)
BROWSER: Failed to load resource: the server responded with a status of 404 (Not Found)
BROWSER: Failed to load resource: the server responded with a status of 404 (Not Found)
BROWSER: Failed to load resource: the server responded with a status of 404 (Not Found)
BROWSER: Failed to load resource: the server responded with a status of 404 (Not Found)
BROWSER: Failed to load resource: the server responded with a status of 404 (Not Found)
BROWSER: Failed to load resource: the server responded with a status of 404 (Not Found)
BROWSER: Failed to load resource: the server responded with a status of 404 (Not Found)
BROWSER: Failed to load resource: the server responded with a status of 404 (Not Found)
BROWSER: Failed to load resource: the server responded with a status of 404 (Not Found)
BROWSER: Failed to load resource: the server responded with a status of 404 (Not Found)
BROWSER: Failed to load resource: the server responded with a status of 404 (Not Found)
BROWSER: Failed to load resource: the server responded with a status of 404 (Not Found)
BROWSER: Failed to load resource: the server responded with a status of 404 (Not Found)
BROWSER: Failed to load resource: the server responded with a status of 404 (Not Found)
BROWSER: Failed to load resource: the server responded with a status of 404 (Not Found)
BROWSER: Failed to load resource: the server responded with a status of 404 (Not Found)
BROWSER: Failed to load resource: the server responded with a status of 404 (Not Found)
BROWSER: Failed to load resource: the server responded with a status of 404 (Not Found)
BROWSER: Failed to load resource: the server responded with a status of 404 (Not Found)
BROWSER: Failed to load resource: the server responded with a status of 404 (Not Found)
BROWSER: Failed to load resource: the server responded with a status of 404 (Not Found)
BROWSER: Failed to load resource: the server responded with a status of 404 (Not Found)
BROWSER: Failed to load resource: the server responded with a status of 404 (Not Found)
BROWSER: Failed to load resource: the server responded with a status of 404 (Not Found)
BROWSER: Failed to load resource: the server responded with a status of 404 (Not Found)
BROWSER: Failed to load resource: the server responded with a status of 404 (Not Found)
BROWSER: Failed to load resource: the server responded with a status of 404 (Not Found)
BROWSER: Failed to load resource: the server responded with a status of 404 (Not Found)
BROWSER: Failed to load resource: the server responded with a status of 404 (Not Found)
BROWSER: Failed to load resource: the server responded with a status of 404 (Not Found)
BROWSER: Failed to load resource: the server responded with a status of 404 (Not Found)
BROWSER: Failed to load resource: the server responded with a status of 404 (Not Found)
BROWSER: Failed to load resource: the server responded with a status of 404 (Not Found)
BROWSER: Failed to load resource: the server responded with a status of 404 (Not Found)
BROWSER: Failed to load resource: the server responded with a status of 404 (Not Found)
BROWSER: Failed to load resource: the server responded with a status of 404 (Not Found)
BROWSER: Failed to load resource: the server responded with a status of 404 (Not Found)
BROWSER: Failed to load resource: the server responded with a status of 404 (Not Found)
BROWSER: Failed to load resource: the server responded with a status of 404 (Not Found)
BROWSER: Failed to load resource: the server responded with a status of 404 (Not Found)
BROWSER: Failed to load resource: the server responded with a status of 404 (Not Found)
BROWSER: Failed to load resource: the server responded with a status of 404 (Not Found)
BROWSER: Failed to load resource: the server responded with a status of 404 (Not Found)
BROWSER: Failed to load resource: the server responded with a status of 404 (Not Found)
BROWSER: Failed to load resource: the server responded with a status of 404 (Not Found)
BROWSER: Failed to load resource: the server responded with a status of 404 (Not Found)
BROWSER: Failed to load resource: the server responded with a status of 404 (Not Found)
BROWSER: Failed to load resource: the server responded with a status of 404 (Not Found)
BROWSER: Failed to load resource: the server responded with a status of 404 (Not Found)
BROWSER: Failed to load resource: the server responded with a status of 404 (Not Found)
BROWSER: Failed to load resource: the server responded with a status of 404 (Not Found)
